Archive member included to satisfy reference by file (symbol)

E:\Desktop\SpeedTrap\build/core\core.a(IPAddress.cpp.o)
                              E:\Desktop\SpeedTrap\build\libraries\WiFi101\WiFi.cpp.o (IPAddress::IPAddress())
E:\Desktop\SpeedTrap\build/core\core.a(Print.cpp.o)
                              E:\Desktop\SpeedTrap\build\sketch\SpeedTrap.ino.cpp.o (Print::print(__FlashStringHelper const*))
E:\Desktop\SpeedTrap\build/core\core.a(SERCOM.cpp.o)
                              E:\Desktop\SpeedTrap\build\core\variant.cpp.o (SERCOM::SERCOM(Sercom*))
E:\Desktop\SpeedTrap\build/core\core.a(CDC.cpp.o)
                              E:\Desktop\SpeedTrap\build\sketch\SpeedTrap.ino.cpp.o (Serial_::begin(unsigned long))
E:\Desktop\SpeedTrap\build/core\core.a(USBCore.cpp.o)
                              E:\Desktop\SpeedTrap\build/core\core.a(CDC.cpp.o) (USBDeviceClass::available(unsigned long))
E:\Desktop\SpeedTrap\build/core\core.a(Uart.cpp.o)
                              E:\Desktop\SpeedTrap\build\core\variant.cpp.o (Uart::Uart(SERCOM*, unsigned char, unsigned char, SercomRXPad, SercomUartTXPad))
E:\Desktop\SpeedTrap\build/core\core.a(WInterrupts.c.o)
                              E:\Desktop\SpeedTrap\build\sketch\SpeedTrap.ino.cpp.o (attachInterrupt)
E:\Desktop\SpeedTrap\build/core\core.a(WString.cpp.o)
                              E:\Desktop\SpeedTrap\build\sketch\SpeedTrap.ino.cpp.o (String::~String())
E:\Desktop\SpeedTrap\build/core\core.a(abi.cpp.o)
                              E:\Desktop\SpeedTrap\build/core\core.a(Print.cpp.o) (__cxa_pure_virtual)
E:\Desktop\SpeedTrap\build/core\core.a(dtostrf.c.o)
                              E:\Desktop\SpeedTrap\build/core\core.a(WString.cpp.o) (dtostrf)
E:\Desktop\SpeedTrap\build/core\core.a(cortex_handlers.c.o)
                              (Reset_Handler)
E:\Desktop\SpeedTrap\build/core\core.a(delay.c.o)
                              E:\Desktop\SpeedTrap\build\sketch\SpeedTrap.ino.cpp.o (millis)
E:\Desktop\SpeedTrap\build/core\core.a(hooks.c.o)
                              E:\Desktop\SpeedTrap\build/core\core.a(delay.c.o) (yield)
E:\Desktop\SpeedTrap\build/core\core.a(itoa.c.o)
                              E:\Desktop\SpeedTrap\build/core\core.a(WString.cpp.o) (ltoa)
E:\Desktop\SpeedTrap\build/core\core.a(main.cpp.o)
                              c:/users/derpy/appdata/local/arduino15/packages/adafruit/tools/arm-none-eabi-gcc/9-2019q4/bin/../lib/gcc/arm-none-eabi/9.2.1/../../../../arm-none-eabi/lib/thumb/v6-m/nofp/crt0.o (main)
E:\Desktop\SpeedTrap\build/core\core.a(new.cpp.o)
                              E:\Desktop\SpeedTrap\build/core\core.a(USBCore.cpp.o) (operator new(unsigned int))
E:\Desktop\SpeedTrap\build/core\core.a(startup.c.o)
                              E:\Desktop\SpeedTrap\build/core\core.a(cortex_handlers.c.o) (SystemInit)
E:\Desktop\SpeedTrap\build/core\core.a(wiring.c.o)
                              E:\Desktop\SpeedTrap\build/core\core.a(main.cpp.o) (init)
E:\Desktop\SpeedTrap\build/core\core.a(wiring_analog.c.o)
                              E:\Desktop\SpeedTrap\build/core\core.a(wiring.c.o) (analogReference)
E:\Desktop\SpeedTrap\build/core\core.a(wiring_digital.c.o)
                              E:\Desktop\SpeedTrap\build\sketch\Adafruit_VL53L1X.cpp.o (pinMode)
E:\Desktop\SpeedTrap\build/core\core.a(wiring_private.c.o)
                              E:\Desktop\SpeedTrap\build\libraries\SPI\SPI.cpp.o (pinPeripheral)
E:\Desktop\SpeedTrap\build/core\core.a(Reset.cpp.o)
                              E:\Desktop\SpeedTrap\build/core\core.a(CDC.cpp.o) (initiateReset)
E:\Desktop\SpeedTrap\build/core\core.a(PluggableUSB.cpp.o)
                              E:\Desktop\SpeedTrap\build/core\core.a(USBCore.cpp.o) (PluggableUSB_::getInterface(unsigned char*))
E:\Desktop\SpeedTrap\build/core\core.a(SAMD21_USBDevice.cpp.o)
                              E:\Desktop\SpeedTrap\build/core\core.a(USBCore.cpp.o) (USBDevice_SAMD21G18x::reset())
c:/users/derpy/appdata/local/arduino15/packages/adafruit/tools/arm-none-eabi-gcc/9-2019q4/bin/../lib/gcc/arm-none-eabi/9.2.1/../../../../arm-none-eabi/lib/thumb/v6-m/nofp\libstdc++_nano.a(atexit_arm.o)
                              E:\Desktop\SpeedTrap\build\sketch\SpeedTrap.ino.cpp.o (__aeabi_atexit)
c:/users/derpy/appdata/local/arduino15/packages/adafruit/tools/arm-none-eabi-gcc/9-2019q4/bin/../lib/gcc/arm-none-eabi/9.2.1/thumb/v6-m/nofp\libgcc.a(_thumb1_case_uqi.o)
                              E:\Desktop\SpeedTrap\build\sketch\vl53l1x_class.cpp.o (__gnu_thumb1_case_uqi)
c:/users/derpy/appdata/local/arduino15/packages/adafruit/tools/arm-none-eabi-gcc/9-2019q4/bin/../lib/gcc/arm-none-eabi/9.2.1/thumb/v6-m/nofp\libgcc.a(_udivsi3.o)
                              E:\Desktop\SpeedTrap\build\sketch\vl53l1x_class.cpp.o (__aeabi_uidiv)
c:/users/derpy/appdata/local/arduino15/packages/adafruit/tools/arm-none-eabi-gcc/9-2019q4/bin/../lib/gcc/arm-none-eabi/9.2.1/thumb/v6-m/nofp\libgcc.a(_divsi3.o)
[...]
Memory Configuration

Name             Origin             Length             Attributes
FLASH            0x00002000         0x0003e000         xr
RAM              0x20000000         0x00008000         xrw
*default*        0x00000000         0xffffffff

Linker script and memory map

LOAD c:/users/derpy/appdata/local/arduino15/packages/adafruit/tools/arm-none-eabi-gcc/9-2019q4/bin/../lib/gcc/arm-none-eabi/9.2.1/thumb/v6-m/nofp/crti.o
LOAD c:/users/derpy/appdata/local/arduino15/packages/adafruit/tools/arm-none-eabi-gcc/9-2019q4/bin/../lib/gcc/arm-none-eabi/9.2.1/thumb/v6-m/nofp/crtbegin.o
LOAD c:/users/derpy/appdata/local/arduino15/packages/adafruit/tools/arm-none-eabi-gcc/9-2019q4/bin/../lib/gcc/arm-none-eabi/9.2.1/../../../../arm-none-eabi/lib/thumb/v6-m/nofp/crt0.o
LOAD E:\Desktop\SpeedTrap\build\sketch\Adafruit_VL53L1X.cpp.o
LOAD E:\Desktop\SpeedTrap\build\sketch\SpeedTrap.ino.cpp.o
LOAD E:\Desktop\SpeedTrap\build\sketch\SpeedTrapSetup.cpp.o
LOAD E:\Desktop\SpeedTrap\build\sketch\vl53l1x_class.cpp.o
LOAD E:\Desktop\SpeedTrap\build\libraries\SPI\SPI.cpp.o
LOAD E:\Desktop\SpeedTrap\build\libraries\Adafruit_ZeroDMA\Adafruit_ZeroDMA.cpp.o
LOAD E:\Desktop\SpeedTrap\build\libraries\WiFi101\WiFi.cpp.o
LOAD E:\Desktop\SpeedTrap\build\libraries\WiFi101\WiFiClient.cpp.o
LOAD E:\Desktop\SpeedTrap\build\libraries\WiFi101\WiFiMDNSResponder.cpp.o
LOAD E:\Desktop\SpeedTrap\build\libraries\WiFi101\WiFiSSLClient.cpp.o
LOAD E:\Desktop\SpeedTrap\build\libraries\WiFi101\WiFiServer.cpp.o
LOAD E:\Desktop\SpeedTrap\build\libraries\WiFi101\WiFiUdp.cpp.o
LOAD E:\Desktop\SpeedTrap\build\libraries\WiFi101\bsp\source\nm_bsp_arduino.c.o
LOAD E:\Desktop\SpeedTrap\build\libraries\WiFi101\bsp\source\nm_bsp_arduino_avr.c.o
LOAD E:\Desktop\SpeedTrap\build\libraries\WiFi101\bus_wrapper\source\nm_bus_wrapper_samd21.cpp.o
LOAD E:\Desktop\SpeedTrap\build\libraries\WiFi101\common\source\nm_common.c.o
LOAD E:\Desktop\SpeedTrap\build\libraries\WiFi101\driver\source\m2m_ate_mode.c.o
LOAD E:\Desktop\SpeedTrap\build\libraries\WiFi101\driver\source\m2m_crypto.c.o
LOAD E:\Desktop\SpeedTrap\build\libraries\WiFi101\driver\source\m2m_hif.c.o
LOAD E:\Desktop\SpeedTrap\build\libraries\WiFi101\driver\source\m2m_ota.c.o
LOAD E:\Desktop\SpeedTrap\build\libraries\WiFi101\driver\source\m2m_periph.c.o
LOAD E:\Desktop\SpeedTrap\build\libraries\WiFi101\driver\source\m2m_ssl.c.o
LOAD E:\Desktop\SpeedTrap\build\libraries\WiFi101\driver\source\m2m_wifi.c.o
LOAD E:\Desktop\SpeedTrap\build\libraries\WiFi101\driver\source\nmasic.c.o
LOAD E:\Desktop\SpeedTrap\build\libraries\WiFi101\driver\source\nmbus.c.o
LOAD E:\Desktop\SpeedTrap\build\libraries\WiFi101\driver\source\nmdrv.c.o
LOAD E:\Desktop\SpeedTrap\build\libraries\WiFi101\driver\source\nmi2c.c.o
LOAD E:\Desktop\SpeedTrap\build\libraries\WiFi101\driver\source\nmspi.c.o
LOAD E:\Desktop\SpeedTrap\build\libraries\WiFi101\driver\source\nmuart.c.o
LOAD E:\Desktop\SpeedTrap\build\libraries\WiFi101\socket\source\socket.c.o
LOAD E:\Desktop\SpeedTrap\build\libraries\WiFi101\spi_flash\source\spi_flash.c.o
LOAD E:\Desktop\SpeedTrap\build\libraries\WiFi101\utility\WiFiSocket.cpp.o
LOAD E:\Desktop\SpeedTrap\build\libraries\Wire\Wire.cpp.o
LOAD E:\Desktop\SpeedTrap\build\core\variant.cpp.o
START GROUP
LOAD C:\Users\derpy\AppData\Local\Arduino15\packages\adafruit\tools\CMSIS\5.4.0/CMSIS/Lib/GCC/\libarm_cortexM0l_math.a
LOAD E:\Desktop\SpeedTrap\build/core\core.a
END GROUP
LOAD c:/users/derpy/appdata/local/arduino15/packages/adafruit/tools/arm-none-eabi-gcc/9-2019q4/bin/../lib/gcc/arm-none-eabi/9.2.1/../../../../arm-none-eabi/lib/thumb/v6-m/nofp\libstdc++_nano.a
LOAD c:/users/derpy/appdata/local/arduino15/packages/adafruit/tools/arm-none-eabi-gcc/9-2019q4/bin/../lib/gcc/arm-none-eabi/9.2.1/../../../../arm-none-eabi/lib/thumb/v6-m/nofp\libm.a
START GROUP
LOAD c:/users/derpy/appdata/local/arduino15/packages/adafruit/tools/arm-none-eabi-gcc/9-2019q4/bin/../lib/gcc/arm-none-eabi/9.2.1/thumb/v6-m/nofp\libgcc.a
LOAD c:/users/derpy/appdata/local/arduino15/packages/adafruit/tools/arm-none-eabi-gcc/9-2019q4/bin/../lib/gcc/arm-none-eabi/9.2.1/../../../../arm-none-eabi/lib/thumb/v6-m/nofp\libc_nano.a
END GROUP
START GROUP
LOAD c:/users/derpy/appdata/local/arduino15/packages/adafruit/tools/arm-none-eabi-gcc/9-2019q4/bin/../lib/gcc/arm-none-eabi/9.2.1/thumb/v6-m/nofp\libgcc.a
LOAD c:/users/derpy/appdata/local/arduino15/packages/adafruit/tools/arm-none-eabi-gcc/9-2019q4/bin/../lib/gcc/arm-none-eabi/9.2.1/../../../../arm-none-eabi/lib/thumb/v6-m/nofp\libc_nano.a
LOAD c:/users/derpy/appdata/local/arduino15/packages/adafruit/tools/arm-none-eabi-gcc/9-2019q4/bin/../lib/gcc/arm-none-eabi/9.2.1/../../../../arm-none-eabi/lib/thumb/v6-m/nofp\libnosys.a
END GROUP
START GROUP
LOAD c:/users/derpy/appdata/local/arduino15/packages/adafruit/tools/arm-none-eabi-gcc/9-2019q4/bin/../lib/gcc/arm-none-eabi/9.2.1/thumb/v6-m/nofp\libgcc.a
LOAD c:/users/derpy/appdata/local/arduino15/packages/adafruit/tools/arm-none-eabi-gcc/9-2019q4/bin/../lib/gcc/arm-none-eabi/9.2.1/../../../../arm-none-eabi/lib/thumb/v6-m/nofp\libc_nano.a
LOAD c:/users/derpy/appdata/local/arduino15/packages/adafruit/tools/arm-none-eabi-gcc/9-2019q4/bin/../lib/gcc/arm-none-eabi/9.2.1/../../../../arm-none-eabi/lib/thumb/v6-m/nofp\libnosys.a
END GROUP
LOAD c:/users/derpy/appdata/local/arduino15/packages/adafruit/tools/arm-none-eabi-gcc/9-2019q4/bin/../lib/gcc/arm-none-eabi/9.2.1/thumb/v6-m/nofp/crtend.o
LOAD c:/users/derpy/appdata/local/arduino15/packages/adafruit/tools/arm-none-eabi-gcc/9-2019q4/bin/../lib/gcc/arm-none-eabi/9.2.1/thumb/v6-m/nofp/crtn.o

.text           0x00002000     0xd800
                0x00002000                __text_start__ = .
 *(.sketch_boot)
                0x00002000                . = ALIGN (0x2000)
 *(.isr_vector)
 .isr_vector    0x00002000       0xb4 E:\Desktop\SpeedTrap\build/core\core.a(cortex_handlers.c.o)
                0x00002000                exception_table
 *(.text*)
 .text          0x000020b4       0x48 c:/users/derpy/appdata/local/arduino15/packages/adafruit/tools/arm-none-eabi-gcc/9-2019q4/bin/../lib/gcc/arm-none-eabi/9.2.1/thumb/v6-m/nofp/crtbegin.o
 .text._ZN16Adafruit_VL53L1XD2Ev
                0x000020fc        0x2 E:\Desktop\SpeedTrap\build\sketch\Adafruit_VL53L1X.cpp.o
                0x000020fc                Adafruit_VL53L1X::~Adafruit_VL53L1X()
                0x000020fc                Adafruit_VL53L1X::~Adafruit_VL53L1X()
 .text._ZN7VL53L1X11VL53L1X_OffEv
                0x000020fe       0x16 E:\Desktop\SpeedTrap\build\sketch\Adafruit_VL53L1X.cpp.o
                0x000020fe                VL53L1X::VL53L1X_Off()
 .text._ZN7VL53L1X10VL53L1X_OnEv
                0x00002114       0x16 E:\Desktop\SpeedTrap\build\sketch\Adafruit_VL53L1X.cpp.o
                0x00002114                VL53L1X::VL53L1X_On()
 .text._ZN7VL53L1X3endEv
                0x0000212a       0x12 E:\Desktop\SpeedTrap\build\sketch\Adafruit_VL53L1X.cpp.o
                0x0000212a                VL53L1X::end()
 .text._ZN7VL53L1X5beginEv
                0x0000213c       0x12 E:\Desktop\SpeedTrap\build\sketch\Adafruit_VL53L1X.cpp.o
                0x0000213c                VL53L1X::begin()
 .text._ZN16Adafruit_VL53L1XD0Ev
                0x0000214e        0xc E:\Desktop\SpeedTrap\build\sketch\Adafruit_VL53L1X.cpp.o
                0x0000214e                Adafruit_VL53L1X::~Adafruit_VL53L1X()
 .text._ZN7VL53L1X11GetDistanceEPm
                0x0000215a       0x14 E:\Desktop\SpeedTrap\build\sketch\Adafruit_VL53L1X.cpp.o
                0x0000215a                VL53L1X::GetDistance(unsigned long*)
 *fill*         0x0000216e        0x2 
 .text._ZN7VL53L1X6ReadIDEv
                0x00002170       0x20 E:\Desktop\SpeedTrap\build\sketch\Adafruit_VL53L1X.cpp.o
                0x00002170                VL53L1X::ReadID()
 .text._ZN7VL53L1X4InitEv
                0x00002190        0x8 E:\Desktop\SpeedTrap\build\sketch\Adafruit_VL53L1X.cpp.o
                0x00002190                VL53L1X::Init()
 .text._ZN16Adafruit_VL53L1XC2Ehh
                0x00002198       0x34 E:\Desktop\SpeedTrap\build\sketch\Adafruit_VL53L1X.cpp.o
                0x00002198                Adafruit_VL53L1X::Adafruit_VL53L1X(unsigned char, unsigned char)
                0x00002198                Adafruit_VL53L1X::Adafruit_VL53L1X(unsigned char, unsigned char)
 .text._ZN16Adafruit_VL53L1X8sensorIDEv
                0x000021cc       0x18 E:\Desktop\SpeedTrap\build\sketch\Adafruit_VL53L1X.cpp.o
                0x000021cc                Adafruit_VL53L1X::sensorID()
 .text._ZN16Adafruit_VL53L1X5beginEhP7TwoWireb
                0x000021e4       0xb8 E:\Desktop\SpeedTrap\build\sketch\Adafruit_VL53L1X.cpp.o
                0x000021e4                Adafruit_VL53L1X::begin(unsigned char, TwoWire*, bool)
 .text._ZN16Adafruit_VL53L1X8distanceEv
                0x0000229c       0x38 E:\Desktop\SpeedTrap\build\sketch\Adafruit_VL53L1X.cpp.o
                0x0000229c                Adafruit_VL53L1X::distance()
 .text._ZN16Adafruit_VL53L1X14clearInterruptEv
                0x000022d4       0x12 E:\Desktop\SpeedTrap\build\sketch\Adafruit_VL53L1X.cpp.o
                0x000022d4                Adafruit_VL53L1X::clearInterrupt()
 .text._ZN16Adafruit_VL53L1X12startRangingEv
                0x000022e6       0x12 E:\Desktop\SpeedTrap\build\sketch\Adafruit_VL53L1X.cpp.o
                0x000022e6                Adafruit_VL53L1X::startRanging()
 .text._ZN16Adafruit_VL53L1X9dataReadyEv
                0x000022f8       0x1e E:\Desktop\SpeedTrap\build\sketch\Adafruit_VL53L1X.cpp.o
                0x000022f8                Adafruit_VL53L1X::dataReady()
 .text._ZN16Adafruit_VL53L1X15setTimingBudgetEt
                0x00002316       0x12 E:\Desktop\SpeedTrap\build\sketch\Adafruit_VL53L1X.cpp.o
                0x00002316                Adafruit_VL53L1X::setTimingBudget(unsigned short)
 .text._ZN16Adafruit_VL53L1X15getTimingBudgetEv
                0x00002328       0x20 E:\Desktop\SpeedTrap\build\sketch\Adafruit_VL53L1X.cpp.o
                0x00002328                Adafruit_VL53L1X::getTimingBudget()
 .text.setup    0x00002348       0x64 E:\Desktop\SpeedTrap\build\sketch\SpeedTrap.ino.cpp.o
                0x00002348                setup
 .text._Z15get_distance_mmv
                0x000023ac       0x44 E:\Desktop\SpeedTrap\build\sketch\SpeedTrap.ino.cpp.o
                0x000023ac                get_distance_mm()
 .text._ZN5TimerILj16EXadL_Z6millisEEPvE4tickIvEEvv
                0x000023f0       0x4e E:\Desktop\SpeedTrap\build\sketch\SpeedTrap.ino.cpp.o
                0x000023f0                void Timer<16u, &millis, void*>::tick<void>()
 *fill*         0x0000243e        0x2 
 .text.loop     0x00002440       0x3c E:\Desktop\SpeedTrap\build\sketch\SpeedTrap.ino.cpp.o
                0x00002440                loop
 .text.startup._GLOBAL__sub_I_HTTP_PORT
                0x0000247c       0x6c E:\Desktop\SpeedTrap\build\sketch\SpeedTrap.ino.cpp.o
 .text._Z18send_SpeedInstancev
                0x000024e8      0x128 E:\Desktop\SpeedTrap\build\sketch\SpeedTrap.ino.cpp.o
                0x000024e8                send_SpeedInstance()
 .text._Z10calc_speedv
                0x00002610       0x64 E:\Desktop\SpeedTrap\build\sketch\SpeedTrap.ino.cpp.o
                0x00002610                calc_speed()
 .text._Z15send_StillAlivev
                0x00002674       0xfc E:\Desktop\SpeedTrap\build\sketch\SpeedTrap.ino.cpp.o
                0x00002674                send_StillAlive()
 .text._Z16function_to_callPv
                0x00002770       0x48 E:\Desktop\SpeedTrap\build\sketch\SpeedTrap.ino.cpp.o
                0x00002770                function_to_call(void*)
 .text._Z15printWiFiStatusv
                0x000027b8       0x78 E:\Desktop\SpeedTrap\build\sketch\SpeedTrapSetup.cpp.o
                0x000027b8                printWiFiStatus()
 .text._Z10wifi_setupv
                0x00002830       0x80 E:\Desktop\SpeedTrap\build\sketch\SpeedTrapSetup.cpp.o
                0x00002830                wifi_setup()
 .text._Z12sensor_setupv
                0x000028b0      0x124 E:\Desktop\SpeedTrap\build\sketch\SpeedTrapSetup.cpp.o
                0x000028b0                sensor_setup()
 .text.startup._GLOBAL__sub_I_status
                0x000029d4       0x44 E:\Desktop\SpeedTrap\build\sketch\SpeedTrapSetup.cpp.o
 .text._ZN7VL53L1X16VL53L1X_I2CWriteEhtPht
                0x00002a18       0x42 E:\Desktop\SpeedTrap\build\sketch\vl53l1x_class.cpp.o
                0x00002a18                VL53L1X::VL53L1X_I2CWrite(unsigned char, unsigned short, unsigned char*, unsigned short)
 .text._ZN7VL53L1X14VL53L1X_WrByteEP13VL53L1X_Dev_tth
                0x00002a5a       0x18 E:\Desktop\SpeedTrap\build\sketch\vl53l1x_class.cpp.o
                0x00002a5a                VL53L1X::VL53L1X_WrByte(VL53L1X_Dev_t*, unsigned short, unsigned char)
 .text._ZN7VL53L1X21VL53L1X_SetI2CAddressEh
                0x00002a72       0x16 E:\Desktop\SpeedTrap\build\sketch\vl53l1x_class.cpp.o
                0x00002a72                VL53L1X::VL53L1X_SetI2CAddress(unsigned char)
 .text._ZN7VL53L1X22VL53L1X_ClearInterruptEv
                0x00002a88        0xe E:\Desktop\SpeedTrap\build\sketch\vl53l1x_class.cpp.o
                0x00002a88                VL53L1X::VL53L1X_ClearInterrupt()
 .text._ZN7VL53L1X20VL53L1X_StartRangingEv
                0x00002a96        0xe E:\Desktop\SpeedTrap\build\sketch\vl53l1x_class.cpp.o
                0x00002a96                VL53L1X::VL53L1X_StartRanging()
 .text._ZN7VL53L1X19VL53L1X_StopRangingEv
                0x00002aa4        0xe E:\Desktop\SpeedTrap\build\sketch\vl53l1x_class.cpp.o
                0x00002aa4                VL53L1X::VL53L1X_StopRanging()
 .text._ZN7VL53L1X14VL53L1X_WrWordEP13VL53L1X_Dev_ttt
                0x00002ab2       0x18 E:\Desktop\SpeedTrap\build\sketch\vl53l1x_class.cpp.o
                0x00002ab2                VL53L1X::VL53L1X_WrWord(VL53L1X_Dev_t*, unsigned short, unsigned short)
 .text._ZN7VL53L1X15VL53L1X_I2CReadEhtPht
                0x00002aca       0x5e E:\Desktop\SpeedTrap\build\sketch\vl53l1x_class.cpp.o
                0x00002aca                VL53L1X::VL53L1X_I2CRead(unsigned char, unsigned short, unsigned char*, unsigned short)
 .text._ZN7VL53L1X14VL53L1X_RdByteEP13VL53L1X_Dev_ttPh
                0x00002b28       0x14 E:\Desktop\SpeedTrap\build\sketch\vl53l1x_class.cpp.o
                0x00002b28                VL53L1X::VL53L1X_RdByte(VL53L1X_Dev_t*, unsigned short, unsigned char*)
 .text._ZN7VL53L1X28VL53L1X_GetInterruptPolarityEPh
                0x00002b3c       0x20 E:\Desktop\SpeedTrap\build\sketch\vl53l1x_class.cpp.o
                0x00002b3c                VL53L1X::VL53L1X_GetInterruptPolarity(unsigned char*)
 .text._ZN7VL53L1X25VL53L1X_CheckForDataReadyEPh
                0x00002b5c       0x38 E:\Desktop\SpeedTrap\build\sketch\vl53l1x_class.cpp.o
                0x00002b5c                VL53L1X::VL53L1X_CheckForDataReady(unsigned char*)
 .text._ZN7VL53L1X18VL53L1X_SensorInitEv
                0x00002b94       0x68 E:\Desktop\SpeedTrap\build\sketch\vl53l1x_class.cpp.o
                0x00002b94                VL53L1X::VL53L1X_SensorInit()
 .text._ZN7VL53L1X23VL53L1X_GetDistanceModeEPt
                0x00002bfc       0x26 E:\Desktop\SpeedTrap\build\sketch\vl53l1x_class.cpp.o
                0x00002bfc                VL53L1X::VL53L1X_GetDistanceMode(unsigned short*)
 *fill*         0x00002c22        0x2 
 .text._ZN7VL53L1X27VL53L1X_SetTimingBudgetInMsEt
                0x00002c24      0x14c E:\Desktop\SpeedTrap\build\sketch\vl53l1x_class.cpp.o
                0x00002c24                VL53L1X::VL53L1X_SetTimingBudgetInMs(unsigned short)
 .text._ZN7VL53L1X17VL53L1X_BootStateEPh
                0x00002d70       0x1e E:\Desktop\SpeedTrap\build\sketch\vl53l1x_class.cpp.o
                0x00002d70                VL53L1X::VL53L1X_BootState(unsigned char*)
 .text._ZN7VL53L1X22VL53L1X_GetRangeStatusEPh
                0x00002d8e       0x7a E:\Desktop\SpeedTrap\build\sketch\vl53l1x_class.cpp.o
                0x00002d8e                VL53L1X::VL53L1X_GetRangeStatus(unsigned char*)
 .text._ZN7VL53L1X28VL53L1X_SetDistanceThresholdEtthh
                0x00002e08       0x6a E:\Desktop\SpeedTrap\build\sketch\vl53l1x_class.cpp.o
                0x00002e08                VL53L1X::VL53L1X_SetDistanceThreshold(unsigned short, unsigned short, unsigned char, unsigned char)
 .text._ZN7VL53L1X34VL53L1X_GetDistanceThresholdWindowEPt
                0x00002e72       0x1c E:\Desktop\SpeedTrap\build\sketch\vl53l1x_class.cpp.o
                0x00002e72                VL53L1X::VL53L1X_GetDistanceThresholdWindow(unsigned short*)
 .text._ZN7VL53L1X14VL53L1X_RdWordEP13VL53L1X_Dev_ttPt
                0x00002e8e       0x2a E:\Desktop\SpeedTrap\build\sketch\vl53l1x_class.cpp.o
                0x00002e8e                VL53L1X::VL53L1X_RdWord(VL53L1X_Dev_t*, unsigned short, unsigned short*)
 .text._ZN7VL53L1X27VL53L1X_GetTimingBudgetInMsEPt
                0x00002eb8       0x98 E:\Desktop\SpeedTrap\build\sketch\vl53l1x_class.cpp.o
                0x00002eb8                VL53L1X::VL53L1X_GetTimingBudgetInMs(unsigned short*)
 .text._ZN7VL53L1X19VL53L1X_GetSensorIdEPt
                0x00002f50       0x20 E:\Desktop\SpeedTrap\build\sketch\vl53l1x_class.cpp.o
                0x00002f50                VL53L1X::VL53L1X_GetSensorId(unsigned short*)
 .text._ZN7VL53L1X19VL53L1X_GetDistanceEPt
                0x00002f70       0x1e E:\Desktop\SpeedTrap\build\sketch\vl53l1x_class.cpp.o
                0x00002f70                VL53L1X::VL53L1X_GetDistance(unsigned short*)
 *fill*         0x00002f8e        0x2 
 .text._ZN8SPIClass11dmaCallbackEP16Adafruit_ZeroDMA
                0x00002f90       0x18 E:\Desktop\SpeedTrap\build\libraries\SPI\SPI.cpp.o
                0x00002f90                SPIClass::dmaCallback(Adafruit_ZeroDMA*)
 .text._ZN8SPIClassC2EP6SERCOMhhh14SercomSpiTXPad11SercomRXPad
                0x00002fa8       0x74 E:\Desktop\SpeedTrap\build\libraries\SPI\SPI.cpp.o
                0x00002fa8                SPIClass::SPIClass(SERCOM*, unsigned char, unsigned char, unsigned char, SercomSpiTXPad, SercomRXPad)
                0x00002fa8                SPIClass::SPIClass(SERCOM*, unsigned char, unsigned char, unsigned char, SercomSpiTXPad, SercomRXPad)
 .text._ZN8SPIClass6configE11SPISettings
                0x0000301c       0x36 E:\Desktop\SpeedTrap\build\libraries\SPI\SPI.cpp.o
                0x0000301c                SPIClass::config(SPISettings)
 .text._ZN8SPIClass3endEv
                0x00003052       0x10 E:\Desktop\SpeedTrap\build\libraries\SPI\SPI.cpp.o
                0x00003052                SPIClass::end()
 *fill*         0x00003062        0x2 
 .text._ZN8SPIClass16beginTransactionE11SPISettings
                0x00003064       0x38 E:\Desktop\SpeedTrap\build\libraries\SPI\SPI.cpp.o
                0x00003064                SPIClass::beginTransaction(SPISettings)
 .text._ZN8SPIClass14endTransactionEv
                0x0000309c       0x28 E:\Desktop\SpeedTrap\build\libraries\SPI\SPI.cpp.o
                0x0000309c                SPIClass::endTransaction()
 .text._ZN8SPIClass8transferEh
                0x000030c4        0xa E:\Desktop\SpeedTrap\build\libraries\SPI\SPI.cpp.o
                0x000030c4                SPIClass::transfer(unsigned char)
 *fill*         0x000030ce        0x2 
 .text._ZN8SPIClass15getDataRegisterEv
                0x000030d0       0x20 E:\Desktop\SpeedTrap\build\libraries\SPI\SPI.cpp.o
                0x000030d0                SPIClass::getDataRegister()
 .text._ZN8SPIClass13getDMAC_ID_TXEv
                0x000030f0       0x24 E:\Desktop\SpeedTrap\build\libraries\SPI\SPI.cpp.o
                0x000030f0                SPIClass::getDMAC_ID_TX()
 .text._ZN8SPIClass13getDMAC_ID_RXEv
                0x00003114       0x24 E:\Desktop\SpeedTrap\build\libraries\SPI\SPI.cpp.o
                0x00003114                SPIClass::getDMAC_ID_RX()
 .text._ZN8SPIClass11dmaAllocateEv
                0x00003138       0xfc E:\Desktop\SpeedTrap\build\libraries\SPI\SPI.cpp.o
                0x00003138                SPIClass::dmaAllocate()
 .text._ZN8SPIClass5beginEv
                0x00003234       0x68 E:\Desktop\SpeedTrap\build\libraries\SPI\SPI.cpp.o
                0x00003234                SPIClass::begin()
 .text.startup._GLOBAL__sub_I__ZN8SPIClassC2EP6SERCOMhhh14SercomSpiTXPad11SercomRXPad
                0x0000329c       0x38 E:\Desktop\SpeedTrap\build\libraries\SPI\SPI.cpp.o
 .text._ZL22cpu_irq_enter_criticalv
                0x000032d4       0x2c E:\Desktop\SpeedTrap\build\libraries\Adafruit_ZeroDMA\Adafruit_ZeroDMA.cpp.o
 .text._ZL22cpu_irq_leave_criticalv
                0x00003300       0x2c E:\Desktop\SpeedTrap\build\libraries\Adafruit_ZeroDMA\Adafruit_ZeroDMA.cpp.o
 .text._ZN16Adafruit_ZeroDMAC2Ev
                0x0000332c       0x20 E:\Desktop\SpeedTrap\build\libraries\Adafruit_ZeroDMA\Adafruit_ZeroDMA.cpp.o
                0x0000332c                Adafruit_ZeroDMA::Adafruit_ZeroDMA()
                0x0000332c                Adafruit_ZeroDMA::Adafruit_ZeroDMA()
 .text._ZN16Adafruit_ZeroDMA11_IRQhandlerEh
                0x0000334c       0x44 E:\Desktop\SpeedTrap\build\libraries\Adafruit_ZeroDMA\Adafruit_ZeroDMA.cpp.o
                0x0000334c                Adafruit_ZeroDMA::_IRQhandler(unsigned char)
 .text.DMAC_Handler
                0x00003390       0x48 E:\Desktop\SpeedTrap\build\libraries\Adafruit_ZeroDMA\Adafruit_ZeroDMA.cpp.o
                0x00003390                DMAC_Handler
 .text._ZN16Adafruit_ZeroDMA8allocateEv
                0x000033d8      0x134 E:\Desktop\SpeedTrap\build\libraries\Adafruit_ZeroDMA\Adafruit_ZeroDMA.cpp.o
                0x000033d8                Adafruit_ZeroDMA::allocate()
 .text._ZN16Adafruit_ZeroDMA4freeEv
                0x0000350c       0x84 E:\Desktop\SpeedTrap\build\libraries\Adafruit_ZeroDMA\Adafruit_ZeroDMA.cpp.o
                0x0000350c                Adafruit_ZeroDMA::free()
 .text._ZN16Adafruit_ZeroDMA11setCallbackEPFvPS_E17dma_callback_type
                0x00003590        0x8 E:\Desktop\SpeedTrap\build\libraries\Adafruit_ZeroDMA\Adafruit_ZeroDMA.cpp.o
                0x00003590                Adafruit_ZeroDMA::setCallback(void (*)(Adafruit_ZeroDMA*), dma_callback_type)
 .text._ZN16Adafruit_ZeroDMA10setTriggerEh
                0x00003598       0x48 E:\Desktop\SpeedTrap\build\libraries\Adafruit_ZeroDMA\Adafruit_ZeroDMA.cpp.o
                0x00003598                Adafruit_ZeroDMA::setTrigger(unsigned char)
 .text._ZN16Adafruit_ZeroDMA9setActionE27dma_transfer_trigger_action
                0x000035e0       0x48 E:\Desktop\SpeedTrap\build\libraries\Adafruit_ZeroDMA\Adafruit_ZeroDMA.cpp.o
                0x000035e0                Adafruit_ZeroDMA::setAction(dma_transfer_trigger_action)
 .text._ZN16Adafruit_ZeroDMA10getChannelEv
                0x00003628        0x4 E:\Desktop\SpeedTrap\build\libraries\Adafruit_ZeroDMA\Adafruit_ZeroDMA.cpp.o
                0x00003628                Adafruit_ZeroDMA::getChannel()
 .text._ZN16Adafruit_ZeroDMA13addDescriptorEPvS0_m13dma_beat_sizebbmb
                0x0000362c      0x14c E:\Desktop\SpeedTrap\build\libraries\Adafruit_ZeroDMA\Adafruit_ZeroDMA.cpp.o
                0x0000362c                Adafruit_ZeroDMA::addDescriptor(void*, void*, unsigned long, dma_beat_size, bool, bool, unsigned long, bool)
 .text._ZL10resolve_cbPhm
                0x00003778        0xc E:\Desktop\SpeedTrap\build\libraries\WiFi101\WiFi.cpp.o
 .text._ZL9socket_cbahPv
                0x00003784        0x8 E:\Desktop\SpeedTrap\build\libraries\WiFi101\WiFi.cpp.o
 .text._ZN9WiFiClass7setPinsEaaaa
                0x0000378c       0x2c E:\Desktop\SpeedTrap\build\libraries\WiFi101\WiFi.cpp.o
                0x0000378c                WiFiClass::setPins(signed char, signed char, signed char, signed char)
 .text._ZN9WiFiClass4initEv
                0x000037b8       0xdc E:\Desktop\SpeedTrap\build\libraries\WiFi101\WiFi.cpp.o
                0x000037b8                WiFiClass::init()
 .text._ZN9WiFiClass5beginEv
                0x00003894       0x7e E:\Desktop\SpeedTrap\build\libraries\WiFi101\WiFi.cpp.o
                0x00003894                WiFiClass::begin()
 .text._ZN9WiFiClass12startConnectEPKchPKv
                0x00003912       0x9e E:\Desktop\SpeedTrap\build\libraries\WiFi101\WiFi.cpp.o
                0x00003912                WiFiClass::startConnect(char const*, unsigned char, void const*)
 .text._ZN9WiFiClass5beginEPKcS1_
                0x000039b0        0xc E:\Desktop\SpeedTrap\build\libraries\WiFi101\WiFi.cpp.o
                0x000039b0                WiFiClass::begin(char const*, char const*)
 .text._ZN9WiFiClass14startProvisionEPKcS1_h
                0x000039bc       0xb8 E:\Desktop\SpeedTrap\build\libraries\WiFi101\WiFi.cpp.o
                0x000039bc                WiFiClass::startProvision(char const*, char const*, unsigned char)
 .text._ZN9WiFiClass10macAddressEPh
                0x00003a74       0x26 E:\Desktop\SpeedTrap\build\libraries\WiFi101\WiFi.cpp.o
                0x00003a74                WiFiClass::macAddress(unsigned char*)
 .text._ZN9WiFiClass7localIPEv
                0x00003a9a        0x4 E:\Desktop\SpeedTrap\build\libraries\WiFi101\WiFi.cpp.o
                0x00003a9a                WiFiClass::localIP()
 .text._ZN9WiFiClass4SSIDEv
                0x00003a9e       0x1a E:\Desktop\SpeedTrap\build\libraries\WiFi101\WiFi.cpp.o
                0x00003a9e                WiFiClass::SSID()
 .text._ZN9WiFiClass4RSSIEv
                0x00003ab8       0x54 E:\Desktop\SpeedTrap\build\libraries\WiFi101\WiFi.cpp.o
                0x00003ab8                WiFiClass::RSSI()
 .text._ZN9WiFiClass6statusEv
                0x00003b0c       0x1a E:\Desktop\SpeedTrap\build\libraries\WiFi101\WiFi.cpp.o
                0x00003b0c                WiFiClass::status()
 *fill*         0x00003b26        0x2 
 .text._ZN9WiFiClass14beginProvisionEh
                0x00003b28       0x48 E:\Desktop\SpeedTrap\build\libraries\WiFi101\WiFi.cpp.o
                0x00003b28                WiFiClass::beginProvision(unsigned char)
 .text._ZN9WiFiClass14beginProvisionEv
                0x00003b70        0xa E:\Desktop\SpeedTrap\build\libraries\WiFi101\WiFi.cpp.o
                0x00003b70                WiFiClass::beginProvision()
 *fill*         0x00003b7a        0x2 
 .text._ZN9WiFiClass11handleEventEhPv
                0x00003b7c      0x208 E:\Desktop\SpeedTrap\build\libraries\WiFi101\WiFi.cpp.o
                0x00003b7c                WiFiClass::handleEvent(unsigned char, void*)
 .text._ZL7wifi_cbhPv
                0x00003d84       0x14 E:\Desktop\SpeedTrap\build\libraries\WiFi101\WiFi.cpp.o
 .text._ZN9WiFiClass10hostByNameEPKcR9IPAddress
                0x00003d98       0x90 E:\Desktop\SpeedTrap\build\libraries\WiFi101\WiFi.cpp.o
                0x00003d98                WiFiClass::hostByName(char const*, IPAddress&)
 .text.startup._GLOBAL__sub_I__ZN9WiFiClass11handleEventEhPv
                0x00003e28       0x30 E:\Desktop\SpeedTrap\build\libraries\WiFi101\WiFi.cpp.o
 .text._ZN5Print17availableForWriteEv
                0x00003e58        0x4 E:\Desktop\SpeedTrap\build\libraries\WiFi101\WiFiClient.cpp.o
                0x00003e58                Print::availableForWrite()
 .text._ZN10WiFiClient5writeEh
                0x00003e5c       0x14 E:\Desktop\SpeedTrap\build\libraries\WiFi101\WiFiClient.cpp.o
                0x00003e5c                WiFiClient::write(unsigned char)
 .text._ZN10WiFiClient4readEv
                0x00003e70       0x1e E:\Desktop\SpeedTrap\build\libraries\WiFi101\WiFiClient.cpp.o
                0x00003e70                WiFiClient::read()
 .text._ZN10WiFiClient5flushEv
                0x00003e8e        0x2 E:\Desktop\SpeedTrap\build\libraries\WiFi101\WiFiClient.cpp.o
                0x00003e8e                WiFiClient::flush()
 .text._ZN10WiFiClientcvbEv
                0x00003e90        0xe E:\Desktop\SpeedTrap\build\libraries\WiFi101\WiFiClient.cpp.o
                0x00003e90                WiFiClient::operator bool()
 *fill*         0x00003e9e        0x2 
 .text._ZN10WiFiClient4stopEv
                0x00003ea0       0x1c E:\Desktop\SpeedTrap\build\libraries\WiFi101\WiFiClient.cpp.o
                0x00003ea0                WiFiClient::stop()
 .text._ZN10WiFiClient9availableEv
                0x00003ebc       0x18 E:\Desktop\SpeedTrap\build\libraries\WiFi101\WiFiClient.cpp.o
                0x00003ebc                WiFiClient::available()
 .text._ZN10WiFiClient4readEPhj
                0x00003ed4       0x30 E:\Desktop\SpeedTrap\build\libraries\WiFi101\WiFiClient.cpp.o
                0x00003ed4                WiFiClient::read(unsigned char*, unsigned int)
 .text._ZN10WiFiClient4peekEv
                0x00003f04       0x24 E:\Desktop\SpeedTrap\build\libraries\WiFi101\WiFiClient.cpp.o
                0x00003f04                WiFiClient::peek()
 .text._ZN10WiFiClient9connectedEv
                0x00003f28       0x18 E:\Desktop\SpeedTrap\build\libraries\WiFi101\WiFiClient.cpp.o
                0x00003f28                WiFiClient::connected()
 .text._ZN10WiFiClient8remoteIPEv
                0x00003f40       0x28 E:\Desktop\SpeedTrap\build\libraries\WiFi101\WiFiClient.cpp.o
                0x00003f40                WiFiClient::remoteIP()
 .text._ZN10WiFiClient10remotePortEv
                0x00003f68       0x30 E:\Desktop\SpeedTrap\build\libraries\WiFi101\WiFiClient.cpp.o
                0x00003f68                WiFiClient::remotePort()
 .text._ZN10WiFiClient5writeEPKhj
                0x00003f98       0x40 E:\Desktop\SpeedTrap\build\libraries\WiFi101\WiFiClient.cpp.o
                0x00003f98                WiFiClient::write(unsigned char const*, unsigned int)
 .text._ZN10WiFiClientC2Ev
                0x00003fd8       0x1c E:\Desktop\SpeedTrap\build\libraries\WiFi101\WiFiClient.cpp.o
                0x00003fd8                WiFiClient::WiFiClient()
                0x00003fd8                WiFiClient::WiFiClient()
 .text._ZN10WiFiClient7connectE9IPAddressthPKh
                0x00003ff4       0x94 E:\Desktop\SpeedTrap\build\libraries\WiFi101\WiFiClient.cpp.o
                0x00003ff4                WiFiClient::connect(IPAddress, unsigned short, unsigned char, unsigned char const*)
 .text._ZN10WiFiClient7connectE9IPAddresst
                0x00004088       0x20 E:\Desktop\SpeedTrap\build\libraries\WiFi101\WiFiClient.cpp.o
                0x00004088                WiFiClient::connect(IPAddress, unsigned short)
 .text._ZN10WiFiClient7connectEPKcth
                0x000040a8       0x44 E:\Desktop\SpeedTrap\build\libraries\WiFi101\WiFiClient.cpp.o
                0x000040a8                WiFiClient::connect(char const*, unsigned short, unsigned char)
 .text._ZN10WiFiClient7connectEPKct
                0x000040ec        0xa E:\Desktop\SpeedTrap\build\libraries\WiFi101\WiFiClient.cpp.o
                0x000040ec                WiFiClient::connect(char const*, unsigned short)
 *fill*         0x000040f6        0x2 
 .text.startup._GLOBAL__sub_I__ZN10WiFiClientC2Ev
                0x000040f8       0x18 E:\Desktop\SpeedTrap\build\libraries\WiFi101\WiFiClient.cpp.o
 .text.startup._GLOBAL__sub_I__ZN17WiFiMDNSResponderC2Ev
                0x00004110       0x18 E:\Desktop\SpeedTrap\build\libraries\WiFi101\WiFiMDNSResponder.cpp.o
 .text.startup._GLOBAL__sub_I__ZN13WiFiSSLClientC2Ev
                0x00004128       0x18 E:\Desktop\SpeedTrap\build\libraries\WiFi101\WiFiSSLClient.cpp.o
 .text.startup._GLOBAL__sub_I__ZN10WiFiServerC2Et
                0x00004140       0x18 E:\Desktop\SpeedTrap\build\libraries\WiFi101\WiFiServer.cpp.o
 .text.startup._GLOBAL__sub_I__ZN7WiFiUDPC2Ev
                0x00004158       0x18 E:\Desktop\SpeedTrap\build\libraries\WiFi101\WiFiUdp.cpp.o
 .text.chip_isr
                0x00004170       0x14 E:\Desktop\SpeedTrap\build\libraries\WiFi101\bsp\source\nm_bsp_arduino.c.o
 .text.attachInterruptMultiArch
                0x00004184        0x8 E:\Desktop\SpeedTrap\build\libraries\WiFi101\bsp\source\nm_bsp_arduino.c.o
                0x00004184                attachInterruptMultiArch
 .text.detachInterruptMultiArch
                0x0000418c        0x8 E:\Desktop\SpeedTrap\build\libraries\WiFi101\bsp\source\nm_bsp_arduino.c.o
                0x0000418c                detachInterruptMultiArch
 .text.nm_bsp_sleep
                0x00004194       0x12 E:\Desktop\SpeedTrap\build\libraries\WiFi101\bsp\source\nm_bsp_arduino.c.o
                0x00004194                nm_bsp_sleep
 *fill*         0x000041a6        0x2 
 .text.nm_bsp_reset
                0x000041a8       0x30 E:\Desktop\SpeedTrap\build\libraries\WiFi101\bsp\source\nm_bsp_arduino.c.o
                0x000041a8                nm_bsp_reset
 .text.nm_bsp_init
                0x000041d8       0x58 E:\Desktop\SpeedTrap\build\libraries\WiFi101\bsp\source\nm_bsp_arduino.c.o
                0x000041d8                nm_bsp_init
 .text.nm_bsp_register_isr
                0x00004230       0x24 E:\Desktop\SpeedTrap\build\libraries\WiFi101\bsp\source\nm_bsp_arduino.c.o
                0x00004230                nm_bsp_register_isr
 .text.nm_bsp_interrupt_ctrl
                0x00004254       0x28 E:\Desktop\SpeedTrap\build\libraries\WiFi101\bsp\source\nm_bsp_arduino.c.o
                0x00004254                nm_bsp_interrupt_ctrl
 .text.nm_bus_init
                0x0000427c       0x34 E:\Desktop\SpeedTrap\build\libraries\WiFi101\bus_wrapper\source\nm_bus_wrapper_samd21.cpp.o
                0x0000427c                nm_bus_init
 .text.nm_bus_ioctl
                0x000042b0       0x9c E:\Desktop\SpeedTrap\build\libraries\WiFi101\bus_wrapper\source\nm_bus_wrapper_samd21.cpp.o
                0x000042b0                nm_bus_ioctl
 .text.nm_bus_deinit
                0x0000434c       0x10 E:\Desktop\SpeedTrap\build\libraries\WiFi101\bus_wrapper\source\nm_bus_wrapper_samd21.cpp.o
                0x0000434c                nm_bus_deinit
 .text.startup._GLOBAL__sub_I_egstrNmBusCapabilities
                0x0000435c       0x14 E:\Desktop\SpeedTrap\build\libraries\WiFi101\bus_wrapper\source\nm_bus_wrapper_samd21.cpp.o
 .text.m2m_memcpy
                0x00004370       0x14 E:\Desktop\SpeedTrap\build\libraries\WiFi101\common\source\nm_common.c.o
                0x00004370                m2m_memcpy
 .text.m2m_memset
                0x00004384       0x10 E:\Desktop\SpeedTrap\build\libraries\WiFi101\common\source\nm_common.c.o
                0x00004384                m2m_memset
 .text.m2m_strlen
                0x00004394       0x10 E:\Desktop\SpeedTrap\build\libraries\WiFi101\common\source\nm_common.c.o
                0x00004394                m2m_strlen
 .text.isr      0x000043a4       0x10 E:\Desktop\SpeedTrap\build\libraries\WiFi101\driver\source\m2m_hif.c.o
 .text.m2m_hif_cb
                0x000043b4        0x2 E:\Desktop\SpeedTrap\build\libraries\WiFi101\driver\source\m2m_hif.c.o
 *fill*         0x000043b6        0x2 
 .text.hif_set_rx_done
                0x000043b8       0x3c E:\Desktop\SpeedTrap\build\libraries\WiFi101\driver\source\m2m_hif.c.o
 .text.hif_chip_wake
                0x000043f4       0x34 E:\Desktop\SpeedTrap\build\libraries\WiFi101\driver\source\m2m_hif.c.o
                0x000043f4                hif_chip_wake
 .text.hif_chip_sleep_sc
                0x00004428       0x18 E:\Desktop\SpeedTrap\build\libraries\WiFi101\driver\source\m2m_hif.c.o
                0x00004428                hif_chip_sleep_sc
 .text.hif_chip_sleep
                0x00004440       0x2c E:\Desktop\SpeedTrap\build\libraries\WiFi101\driver\source\m2m_hif.c.o
                0x00004440                hif_chip_sleep
 .text.hif_init
                0x0000446c       0x28 E:\Desktop\SpeedTrap\build\libraries\WiFi101\driver\source\m2m_hif.c.o
                0x0000446c                hif_init
 .text.hif_send
                0x00004494      0x194 E:\Desktop\SpeedTrap\build\libraries\WiFi101\driver\source\m2m_hif.c.o
                0x00004494                hif_send
 .text.hif_handle_isr
                0x00004628      0x15c E:\Desktop\SpeedTrap\build\libraries\WiFi101\driver\source\m2m_hif.c.o
                0x00004628                hif_handle_isr
 .text.hif_receive
                0x00004784       0x58 E:\Desktop\SpeedTrap\build\libraries\WiFi101\driver\source\m2m_hif.c.o
                0x00004784                hif_receive
 .text.hif_register_cb
                0x000047dc       0x40 E:\Desktop\SpeedTrap\build\libraries\WiFi101\driver\source\m2m_hif.c.o
                0x000047dc                hif_register_cb
 .text.get_gpio_idx
                0x0000481c       0x3a E:\Desktop\SpeedTrap\build\libraries\WiFi101\driver\source\m2m_periph.c.o
 .text.m2m_periph_gpio_set_dir
                0x00004856       0x26 E:\Desktop\SpeedTrap\build\libraries\WiFi101\driver\source\m2m_periph.c.o
                0x00004856                m2m_periph_gpio_set_dir
 .text.m2m_periph_gpio_set_val
                0x0000487c       0x26 E:\Desktop\SpeedTrap\build\libraries\WiFi101\driver\source\m2m_periph.c.o
                0x0000487c                m2m_periph_gpio_set_val
 .text.m2m_ssl_set_active_ciphersuites
                0x000048a2       0x1c E:\Desktop\SpeedTrap\build\libraries\WiFi101\driver\source\m2m_ssl.c.o
                0x000048a2                m2m_ssl_set_active_ciphersuites
 *fill*         0x000048be        0x2 
 .text.m2m_wifi_cb
                0x000048c0      0x184 E:\Desktop\SpeedTrap\build\libraries\WiFi101\driver\source\m2m_wifi.c.o
 .text.m2m_validate_ap_parameters
                0x00004a44       0x94 E:\Desktop\SpeedTrap\build\libraries\WiFi101\driver\source\m2m_wifi.c.o
 .text.m2m_wifi_init
                0x00004ad8       0x70 E:\Desktop\SpeedTrap\build\libraries\WiFi101\driver\source\m2m_wifi.c.o
                0x00004ad8                m2m_wifi_init
 .text.m2m_wifi_handle_events
                0x00004b48        0x8 E:\Desktop\SpeedTrap\build\libraries\WiFi101\driver\source\m2m_wifi.c.o
                0x00004b48                m2m_wifi_handle_events
 .text.m2m_wifi_default_connect
                0x00004b50       0x18 E:\Desktop\SpeedTrap\build\libraries\WiFi101\driver\source\m2m_wifi.c.o
                0x00004b50                m2m_wifi_default_connect
 .text.m2m_wifi_connect_sc
                0x00004b68      0x10e E:\Desktop\SpeedTrap\build\libraries\WiFi101\driver\source\m2m_wifi.c.o
                0x00004b68                m2m_wifi_connect_sc
 .text.m2m_wifi_connect
                0x00004c76       0x12 E:\Desktop\SpeedTrap\build\libraries\WiFi101\driver\source\m2m_wifi.c.o
                0x00004c76                m2m_wifi_connect
 .text.m2m_wifi_req_curr_rssi
                0x00004c88       0x18 E:\Desktop\SpeedTrap\build\libraries\WiFi101\driver\source\m2m_wifi.c.o
                0x00004c88                m2m_wifi_req_curr_rssi
 .text.m2m_wifi_get_mac_address
                0x00004ca0       0x1c E:\Desktop\SpeedTrap\build\libraries\WiFi101\driver\source\m2m_wifi.c.o
                0x00004ca0                m2m_wifi_get_mac_address
 .text.m2m_wifi_start_provision_mode
                0x00004cbc       0x90 E:\Desktop\SpeedTrap\build\libraries\WiFi101\driver\source\m2m_wifi.c.o
                0x00004cbc                m2m_wifi_start_provision_mode
 .text.m2m_wifi_get_connection_info
                0x00004d4c       0x18 E:\Desktop\SpeedTrap\build\libraries\WiFi101\driver\source\m2m_wifi.c.o
                0x00004d4c                m2m_wifi_get_connection_info
 .text.chip_apply_conf
                0x00004d64       0x2c E:\Desktop\SpeedTrap\build\libraries\WiFi101\driver\source\nmasic.c.o
                0x00004d64                chip_apply_conf
 .text.enable_interrupts
                0x00004d90       0x4c E:\Desktop\SpeedTrap\build\libraries\WiFi101\driver\source\nmasic.c.o
                0x00004d90                enable_interrupts
 .text.nmi_get_chipid
                0x00004ddc       0xa4 E:\Desktop\SpeedTrap\build\libraries\WiFi101\driver\source\nmasic.c.o
                0x00004ddc                nmi_get_chipid
 .text.chip_sleep
                0x00004e80       0x5c E:\Desktop\SpeedTrap\build\libraries\WiFi101\driver\source\nmasic.c.o
                0x00004e80                chip_sleep
 .text.chip_wake
                0x00004edc       0x7e E:\Desktop\SpeedTrap\build\libraries\WiFi101\driver\source\nmasic.c.o
                0x00004edc                chip_wake
 *fill*         0x00004f5a        0x2 
 .text.wait_for_bootrom
                0x00004f5c       0xc8 E:\Desktop\SpeedTrap\build\libraries\WiFi101\driver\source\nmasic.c.o
                0x00004f5c                wait_for_bootrom
 .text.wait_for_firmware_start
                0x00005024       0x60 E:\Desktop\SpeedTrap\build\libraries\WiFi101\driver\source\nmasic.c.o
                0x00005024                wait_for_firmware_start
 .text.chip_deinit
                0x00005084       0x2c E:\Desktop\SpeedTrap\build\libraries\WiFi101\driver\source\nmasic.c.o
                0x00005084                chip_deinit
 .text.set_gpio_dir
                0x000050b0       0x34 E:\Desktop\SpeedTrap\build\libraries\WiFi101\driver\source\nmasic.c.o
                0x000050b0                set_gpio_dir
 .text.set_gpio_val
                0x000050e4       0x34 E:\Desktop\SpeedTrap\build\libraries\WiFi101\driver\source\nmasic.c.o
                0x000050e4                set_gpio_val
 .text.nmi_get_mac_address
                0x00005118       0x74 E:\Desktop\SpeedTrap\build\libraries\WiFi101\driver\source\nmasic.c.o
                0x00005118                nmi_get_mac_address
 .text.nm_bus_iface_init
                0x0000518c        0x8 E:\Desktop\SpeedTrap\build\libraries\WiFi101\driver\source\nmbus.c.o
                0x0000518c                nm_bus_iface_init
 .text.nm_bus_iface_deinit
                0x00005194        0x8 E:\Desktop\SpeedTrap\build\libraries\WiFi101\driver\source\nmbus.c.o
                0x00005194                nm_bus_iface_deinit
 .text.nm_bus_reset
                0x0000519c        0x8 E:\Desktop\SpeedTrap\build\libraries\WiFi101\driver\source\nmbus.c.o
                0x0000519c                nm_bus_reset
 .text.nm_read_reg
                0x000051a4        0x8 E:\Desktop\SpeedTrap\build\libraries\WiFi101\driver\source\nmbus.c.o
                0x000051a4                nm_read_reg
 .text.nm_read_reg_with_ret
                0x000051ac        0x8 E:\Desktop\SpeedTrap\build\libraries\WiFi101\driver\source\nmbus.c.o
                0x000051ac                nm_read_reg_with_ret
 .text.nm_write_reg
                0x000051b4        0x8 E:\Desktop\SpeedTrap\build\libraries\WiFi101\driver\source\nmbus.c.o
                0x000051b4                nm_write_reg
 .text.nm_read_block
                0x000051bc       0x3c E:\Desktop\SpeedTrap\build\libraries\WiFi101\driver\source\nmbus.c.o
                0x000051bc                nm_read_block
 .text.nm_write_block
                0x000051f8       0x3c E:\Desktop\SpeedTrap\build\libraries\WiFi101\driver\source\nmbus.c.o
                0x000051f8                nm_write_block
 .text.nm_get_firmware_info
                0x00005234       0xac E:\Desktop\SpeedTrap\build\libraries\WiFi101\driver\source\nmdrv.c.o
                0x00005234                nm_get_firmware_info
 .text.nm_get_firmware_full_info
                0x000052e0       0xc0 E:\Desktop\SpeedTrap\build\libraries\WiFi101\driver\source\nmdrv.c.o
                0x000052e0                nm_get_firmware_full_info
 .text.nm_drv_init
                0x000053a0       0x72 E:\Desktop\SpeedTrap\build\libraries\WiFi101\driver\source\nmdrv.c.o
                0x000053a0                nm_drv_init
 .text.nm_drv_deinit
                0x00005412       0x22 E:\Desktop\SpeedTrap\build\libraries\WiFi101\driver\source\nmdrv.c.o
                0x00005412                nm_drv_deinit
 .text.nmi_spi_write
                0x00005434       0x18 E:\Desktop\SpeedTrap\build\libraries\WiFi101\driver\source\nmspi.c.o
 .text.nmi_spi_read
                0x0000544c       0x18 E:\Desktop\SpeedTrap\build\libraries\WiFi101\driver\source\nmspi.c.o
 .text.spi_cmd_rsp
                0x00005464       0x68 E:\Desktop\SpeedTrap\build\libraries\WiFi101\driver\source\nmspi.c.o
 .text.spi_data_read
                0x000054cc       0x80 E:\Desktop\SpeedTrap\build\libraries\WiFi101\driver\source\nmspi.c.o
 .text.spi_cmd  0x0000554c       0xec E:\Desktop\SpeedTrap\build\libraries\WiFi101\driver\source\nmspi.c.o
 .text.spi_write_reg
                0x00005638       0x7c E:\Desktop\SpeedTrap\build\libraries\WiFi101\driver\source\nmspi.c.o
 .text.spi_read_reg
                0x000056b4       0x94 E:\Desktop\SpeedTrap\build\libraries\WiFi101\driver\source\nmspi.c.o
 .text.nm_spi_reset
                0x00005748       0x1c E:\Desktop\SpeedTrap\build\libraries\WiFi101\driver\source\nmspi.c.o
                0x00005748                nm_spi_reset
 .text.nm_spi_deinit
                0x00005764        0xc E:\Desktop\SpeedTrap\build\libraries\WiFi101\driver\source\nmspi.c.o
                0x00005764                nm_spi_deinit
 .text.nm_spi_read_reg
                0x00005770        0xc E:\Desktop\SpeedTrap\build\libraries\WiFi101\driver\source\nmspi.c.o
                0x00005770                nm_spi_read_reg
 .text.nm_spi_read_reg_with_ret
                0x0000577c       0x12 E:\Desktop\SpeedTrap\build\libraries\WiFi101\driver\source\nmspi.c.o
                0x0000577c                nm_spi_read_reg_with_ret
 .text.nm_spi_write_reg
                0x0000578e       0x12 E:\Desktop\SpeedTrap\build\libraries\WiFi101\driver\source\nmspi.c.o
                0x0000578e                nm_spi_write_reg
 .text.nm_spi_init
                0x000057a0       0x80 E:\Desktop\SpeedTrap\build\libraries\WiFi101\driver\source\nmspi.c.o
                0x000057a0                nm_spi_init
 .text.nm_spi_read_block
                0x00005820       0x8e E:\Desktop\SpeedTrap\build\libraries\WiFi101\driver\source\nmspi.c.o
                0x00005820                nm_spi_read_block
 *fill*         0x000058ae        0x2 
 .text.nm_spi_write_block
                0x000058b0      0x118 E:\Desktop\SpeedTrap\build\libraries\WiFi101\driver\source\nmspi.c.o
                0x000058b0                nm_spi_write_block
 .text.m2m_ip_cb
                0x000059c8      0x294 E:\Desktop\SpeedTrap\build\libraries\WiFi101\socket\source\socket.c.o
 .text.socketInit
                0x00005c5c       0x38 E:\Desktop\SpeedTrap\build\libraries\WiFi101\socket\source\socket.c.o
                0x00005c5c                socketInit
 .text.registerSocketCallback
                0x00005c94       0x14 E:\Desktop\SpeedTrap\build\libraries\WiFi101\socket\source\socket.c.o
                0x00005c94                registerSocketCallback
 .text.socket   0x00005ca8       0xec E:\Desktop\SpeedTrap\build\libraries\WiFi101\socket\source\socket.c.o
                0x00005ca8                socket
 .text.connect  0x00005d94       0x6c E:\Desktop\SpeedTrap\build\libraries\WiFi101\socket\source\socket.c.o
                0x00005d94                connect
 .text.send     0x00005e00       0x80 E:\Desktop\SpeedTrap\build\libraries\WiFi101\socket\source\socket.c.o
                0x00005e00                send
 .text.recv     0x00005e80       0x74 E:\Desktop\SpeedTrap\build\libraries\WiFi101\socket\source\socket.c.o
                0x00005e80                recv
 .text.close    0x00005ef4       0x64 E:\Desktop\SpeedTrap\build\libraries\WiFi101\socket\source\socket.c.o
                0x00005ef4                close
 .text.recvfrom
                0x00005f58       0x70 E:\Desktop\SpeedTrap\build\libraries\WiFi101\socket\source\socket.c.o
                0x00005f58                recvfrom
 .text.gethostbyname
                0x00005fc8       0x2c E:\Desktop\SpeedTrap\build\libraries\WiFi101\socket\source\socket.c.o
                0x00005fc8                gethostbyname
 .text.setsockopt
                0x00005ff4      0x120 E:\Desktop\SpeedTrap\build\libraries\WiFi101\socket\source\socket.c.o
                0x00005ff4                setsockopt
 .text.spi_flash_enable
                0x00006114       0xd4 E:\Desktop\SpeedTrap\build\libraries\WiFi101\spi_flash\source\spi_flash.c.o
                0x00006114                spi_flash_enable
 .text._ZN15WiFiSocketClassD2Ev
                0x000061e8        0x2 E:\Desktop\SpeedTrap\build\libraries\WiFi101\utility\WiFiSocket.cpp.o
                0x000061e8                WiFiSocketClass::~WiFiSocketClass()
                0x000061e8                WiFiSocketClass::~WiFiSocketClass()
 .text._ZN15WiFiSocketClassD0Ev
                0x000061ea        0xc E:\Desktop\SpeedTrap\build\libraries\WiFi101\utility\WiFiSocket.cpp.o
                0x000061ea                WiFiSocketClass::~WiFiSocketClass()
 *fill*         0x000061f6        0x2 
 .text._ZN15WiFiSocketClassC2Ev
                0x000061f8       0x3c E:\Desktop\SpeedTrap\build\libraries\WiFi101\utility\WiFiSocket.cpp.o
                0x000061f8                WiFiSocketClass::WiFiSocketClass()
                0x000061f8                WiFiSocketClass::WiFiSocketClass()
 .text._ZN15WiFiSocketClass6createEthh
                0x00006234       0x22 E:\Desktop\SpeedTrap\build\libraries\WiFi101\utility\WiFiSocket.cpp.o
                0x00006234                WiFiSocketClass::create(unsigned short, unsigned char, unsigned char)
 .text._ZN15WiFiSocketClass6setoptEahhPKvt
                0x00006256       0x16 E:\Desktop\SpeedTrap\build\libraries\WiFi101\utility\WiFiSocket.cpp.o
                0x00006256                WiFiSocketClass::setopt(signed char, unsigned char, unsigned char, void const*, unsigned short)
 .text._ZN15WiFiSocketClass7connectEaP8sockaddrh
                0x0000626c       0x78 E:\Desktop\SpeedTrap\build\libraries\WiFi101\utility\WiFiSocket.cpp.o
                0x0000626c                WiFiSocketClass::connect(signed char, sockaddr*, unsigned char)
 .text._ZN15WiFiSocketClass9connectedEa
                0x000062e4       0x1e E:\Desktop\SpeedTrap\build\libraries\WiFi101\utility\WiFiSocket.cpp.o
                0x000062e4                WiFiSocketClass::connected(signed char)
 .text._ZN15WiFiSocketClass9availableEa
                0x00006302       0x28 E:\Desktop\SpeedTrap\build\libraries\WiFi101\utility\WiFiSocket.cpp.o
                0x00006302                WiFiSocketClass::available(signed char)
 .text._ZN15WiFiSocketClass8remoteIPEa
                0x0000632a       0x14 E:\Desktop\SpeedTrap\build\libraries\WiFi101\utility\WiFiSocket.cpp.o
                0x0000632a                WiFiSocketClass::remoteIP(signed char)
 .text._ZN15WiFiSocketClass10remotePortEa
                0x0000633e        0xa E:\Desktop\SpeedTrap\build\libraries\WiFi101\utility\WiFiSocket.cpp.o
                0x0000633e                WiFiSocketClass::remotePort(signed char)
 .text._ZN15WiFiSocketClass5writeEaPKhj
                0x00006348       0x6c E:\Desktop\SpeedTrap\build\libraries\WiFi101\utility\WiFiSocket.cpp.o
                0x00006348                WiFiSocketClass::write(signed char, unsigned char const*, unsigned int)
 .text._ZN15WiFiSocketClass5closeEa
                0x000063b4       0x70 E:\Desktop\SpeedTrap\build\libraries\WiFi101\utility\WiFiSocket.cpp.o
                0x000063b4                WiFiSocketClass::close(signed char)
 .text._ZN15WiFiSocketClass14fillRecvBufferEa
                0x00006424       0x74 E:\Desktop\SpeedTrap\build\libraries\WiFi101\utility\WiFiSocket.cpp.o
                0x00006424                WiFiSocketClass::fillRecvBuffer(signed char)
 .text._ZN15WiFiSocketClass4peekEa
                0x00006498       0x56 E:\Desktop\SpeedTrap\build\libraries\WiFi101\utility\WiFiSocket.cpp.o
                0x00006498                WiFiSocketClass::peek(signed char)
 .text._ZN15WiFiSocketClass4readEaPhj
                0x000064ee       0xe0 E:\Desktop\SpeedTrap\build\libraries\WiFi101\utility\WiFiSocket.cpp.o
                0x000064ee                WiFiSocketClass::read(signed char, unsigned char*, unsigned int)
 .text._ZN15WiFiSocketClass11handleEventEahPv
                0x000065ce      0x108 E:\Desktop\SpeedTrap\build\libraries\WiFi101\utility\WiFiSocket.cpp.o
                0x000065ce                WiFiSocketClass::handleEvent(signed char, unsigned char, void*)
 *fill*         0x000066d6        0x2 
 .text._ZN15WiFiSocketClass13eventCallbackEahPv
                0x000066d8       0x14 E:\Desktop\SpeedTrap\build\libraries\WiFi101\utility\WiFiSocket.cpp.o
                0x000066d8                WiFiSocketClass::eventCallback(signed char, unsigned char, void*)
 .text.startup._GLOBAL__sub_I__ZN15WiFiSocketClassC2Ev
                0x000066ec       0x34 E:\Desktop\SpeedTrap\build\libraries\WiFi101\utility\WiFiSocket.cpp.o
 .text._ZN7TwoWire5writeEPKhj
                0x00006720       0x24 E:\Desktop\SpeedTrap\build\libraries\Wire\Wire.cpp.o
                0x00006720                TwoWire::write(unsigned char const*, unsigned int)
 .text._ZN7TwoWire5flushEv
                0x00006744        0x2 E:\Desktop\SpeedTrap\build\libraries\Wire\Wire.cpp.o
                0x00006744                TwoWire::flush()
 .text._ZN7TwoWire4peekEv
                0x00006746       0x1a E:\Desktop\SpeedTrap\build\libraries\Wire\Wire.cpp.o
                0x00006746                TwoWire::peek()
 .text._ZN7TwoWire9availableEv
                0x00006760       0x12 E:\Desktop\SpeedTrap\build\libraries\Wire\Wire.cpp.o
                0x00006760                TwoWire::available()
 *fill*         0x00006772        0x2 
 .text._ZN7TwoWireC2EP6SERCOMhh
                0x00006774       0x5c E:\Desktop\SpeedTrap\build\libraries\Wire\Wire.cpp.o
                0x00006774                TwoWire::TwoWire(SERCOM*, unsigned char, unsigned char)
                0x00006774                TwoWire::TwoWire(SERCOM*, unsigned char, unsigned char)
 .text._ZN7TwoWire5beginEv
                0x000067d0       0x40 E:\Desktop\SpeedTrap\build\libraries\Wire\Wire.cpp.o
                0x000067d0                TwoWire::begin()
 .text._ZN7TwoWire17beginTransmissionEh
                0x00006810       0x16 E:\Desktop\SpeedTrap\build\libraries\Wire\Wire.cpp.o
                0x00006810                TwoWire::beginTransmission(unsigned char)
 .text._ZN11RingBufferNILi256EE10store_charEh
                0x00006826       0x1a E:\Desktop\SpeedTrap\build\libraries\Wire\Wire.cpp.o
                0x00006826                RingBufferN<256>::store_char(unsigned char)
 .text._ZN7TwoWire11requestFromEhjb
                0x00006840       0x76 E:\Desktop\SpeedTrap\build\libraries\Wire\Wire.cpp.o
                0x00006840                TwoWire::requestFrom(unsigned char, unsigned int, bool)
 .text._ZN7TwoWire11requestFromEhj
                0x000068b6        0xa E:\Desktop\SpeedTrap\build\libraries\Wire\Wire.cpp.o
                0x000068b6                TwoWire::requestFrom(unsigned char, unsigned int)
 .text._ZN7TwoWire5writeEh
                0x000068c0       0x2c E:\Desktop\SpeedTrap\build\libraries\Wire\Wire.cpp.o
                0x000068c0                TwoWire::write(unsigned char)
 .text._ZN11RingBufferNILi256EE9read_charEv
                0x000068ec       0x20 E:\Desktop\SpeedTrap\build\libraries\Wire\Wire.cpp.o
                0x000068ec                RingBufferN<256>::read_char()
 .text._ZN7TwoWire15endTransmissionEb
                0x0000690c       0x70 E:\Desktop\SpeedTrap\build\libraries\Wire\Wire.cpp.o
                0x0000690c                TwoWire::endTransmission(bool)
 .text._ZN7TwoWire4readEv
                0x0000697c        0xa E:\Desktop\SpeedTrap\build\libraries\Wire\Wire.cpp.o
                0x0000697c                TwoWire::read()
 .text._ZN7TwoWire9onServiceEv
                0x00006986      0x11c E:\Desktop\SpeedTrap\build\libraries\Wire\Wire.cpp.o
                0x00006986                TwoWire::onService()
 *fill*         0x00006aa2        0x2 
 .text.SERCOM3_Handler
                0x00006aa4       0x10 E:\Desktop\SpeedTrap\build\libraries\Wire\Wire.cpp.o
                0x00006aa4                SERCOM3_Handler
 .text.startup._GLOBAL__sub_I__ZN7TwoWireC2EP6SERCOMhh
                0x00006ab4       0x18 E:\Desktop\SpeedTrap\build\libraries\Wire\Wire.cpp.o
 .text.SERCOM0_Handler
                0x00006acc       0x10 E:\Desktop\SpeedTrap\build\core\variant.cpp.o
                0x00006acc                SERCOM0_Handler
 .text.SERCOM5_Handler
                0x00006adc       0x10 E:\Desktop\SpeedTrap\build\core\variant.cpp.o
                0x00006adc                SERCOM5_Handler
 .text.startup._GLOBAL__sub_I_g_APinDescription
                0x00006aec       0x94 E:\Desktop\SpeedTrap\build\core\variant.cpp.o
 .text._ZNK9IPAddress7printToER5Print
                0x00006b80       0x44 E:\Desktop\SpeedTrap\build/core\core.a(IPAddress.cpp.o)
                0x00006b80                IPAddress::printTo(Print&) const
 .text._ZN9IPAddressC2Ev
                0x00006bc4       0x10 E:\Desktop\SpeedTrap\build/core\core.a(IPAddress.cpp.o)
                0x00006bc4                IPAddress::IPAddress()
                0x00006bc4                IPAddress::IPAddress()
 .text._ZN9IPAddressC2Ehhhh
                0x00006bd4       0x1c E:\Desktop\SpeedTrap\build/core\core.a(IPAddress.cpp.o)
                0x00006bd4                IPAddress::IPAddress(unsigned char, unsigned char, unsigned char, unsigned char)
                0x00006bd4                IPAddress::IPAddress(unsigned char, unsigned char, unsigned char, unsigned char)
 .text._ZN9IPAddressC2Em
                0x00006bf0       0x10 E:\Desktop\SpeedTrap\build/core\core.a(IPAddress.cpp.o)
                0x00006bf0                IPAddress::IPAddress(unsigned long)
                0x00006bf0                IPAddress::IPAddress(unsigned long)
 .text._ZN9IPAddress10fromStringEPKc
                0x00006c00       0x48 E:\Desktop\SpeedTrap\build/core\core.a(IPAddress.cpp.o)
                0x00006c00                IPAddress::fromString(char const*)
 .text._ZN9IPAddressaSEm
                0x00006c48        0x4 E:\Desktop\SpeedTrap\build/core\core.a(IPAddress.cpp.o)
                0x00006c48                IPAddress::operator=(unsigned long)
 .text._ZN5Print5writeEPKhj
                0x00006c4c       0x24 E:\Desktop\SpeedTrap\build/core\core.a(Print.cpp.o)
                0x00006c4c                Print::write(unsigned char const*, unsigned int)
 .text._ZN5Print5writeEPKc
                0x00006c70       0x1c E:\Desktop\SpeedTrap\build/core\core.a(Print.cpp.o)
                0x00006c70                Print::write(char const*)
 .text._ZN5Print5printEPK19__FlashStringHelper
                0x00006c8c        0x8 E:\Desktop\SpeedTrap\build/core\core.a(Print.cpp.o)
                0x00006c8c                Print::print(__FlashStringHelper const*)
 .text._ZN5Print5printERK6String
                0x00006c94        0xe E:\Desktop\SpeedTrap\build/core\core.a(Print.cpp.o)
                0x00006c94                Print::print(String const&)
 .text._ZN5Print5printEPKc
                0x00006ca2        0x8 E:\Desktop\SpeedTrap\build/core\core.a(Print.cpp.o)
                0x00006ca2                Print::print(char const*)
 .text._ZN5Print5printEc
                0x00006caa        0xa E:\Desktop\SpeedTrap\build/core\core.a(Print.cpp.o)
                0x00006caa                Print::print(char)
 .text._ZN5Print5printERK9Printable
                0x00006cb4       0x10 E:\Desktop\SpeedTrap\build/core\core.a(Print.cpp.o)
                0x00006cb4                Print::print(Printable const&)
 .text._ZN5Print7printlnEv
                0x00006cc4       0x10 E:\Desktop\SpeedTrap\build/core\core.a(Print.cpp.o)
                0x00006cc4                Print::println()
 .text._ZN5Print7printlnEPK19__FlashStringHelper
                0x00006cd4       0x14 E:\Desktop\SpeedTrap\build/core\core.a(Print.cpp.o)
                0x00006cd4                Print::println(__FlashStringHelper const*)
 .text._ZN5Print7printlnERK6String
                0x00006ce8       0x14 E:\Desktop\SpeedTrap\build/core\core.a(Print.cpp.o)
                0x00006ce8                Print::println(String const&)
 .text._ZN5Print7printlnEPKc
                0x00006cfc       0x14 E:\Desktop\SpeedTrap\build/core\core.a(Print.cpp.o)
                0x00006cfc                Print::println(char const*)
 .text._ZN5Print7printlnERK9Printable
                0x00006d10       0x14 E:\Desktop\SpeedTrap\build/core\core.a(Print.cpp.o)
                0x00006d10                Print::println(Printable const&)
 .text._ZN5Print11printNumberEmh
                0x00006d24       0x50 E:\Desktop\SpeedTrap\build/core\core.a(Print.cpp.o)
                0x00006d24                Print::printNumber(unsigned long, unsigned char)
 .text._ZN5Print5printEli
                0x00006d74       0x3e E:\Desktop\SpeedTrap\build/core\core.a(Print.cpp.o)
                0x00006d74                Print::print(long, int)
 .text._ZN5Print5printEii
                0x00006db2        0x8 E:\Desktop\SpeedTrap\build/core\core.a(Print.cpp.o)
                0x00006db2                Print::print(int, int)
 .text._ZN5Print7printlnEii
                0x00006dba       0x14 E:\Desktop\SpeedTrap\build/core\core.a(Print.cpp.o)
                0x00006dba                Print::println(int, int)
 .text._ZN5Print5printEmi
                0x00006dce       0x18 E:\Desktop\SpeedTrap\build/core\core.a(Print.cpp.o)
                0x00006dce                Print::print(unsigned long, int)
 .text._ZN5Print5printEhi
                0x00006de6        0x8 E:\Desktop\SpeedTrap\build/core\core.a(Print.cpp.o)
                0x00006de6                Print::print(unsigned char, int)
 .text._ZN6SERCOMC2EP6Sercom
                0x00006dee        0x4 E:\Desktop\SpeedTrap\build/core\core.a(SERCOM.cpp.o)
                0x00006dee                SERCOM::SERCOM(Sercom*)
                0x00006dee                SERCOM::SERCOM(Sercom*)
 .text._ZN6SERCOM9initFrameE18SercomUartCharSize15SercomDataOrder16SercomParityMode19SercomNumberStopBit
                0x00006df2       0x3a E:\Desktop\SpeedTrap\build/core\core.a(SERCOM.cpp.o)
                0x00006df2                SERCOM::initFrame(SercomUartCharSize, SercomDataOrder, SercomParityMode, SercomNumberStopBit)
 .text._ZN6SERCOM8initPadsE15SercomUartTXPad11SercomRXPad
                0x00006e2c       0x26 E:\Desktop\SpeedTrap\build/core\core.a(SERCOM.cpp.o)
                0x00006e2c                SERCOM::initPads(SercomUartTXPad, SercomRXPad)
 .text._ZN6SERCOM9resetUARTEv
                0x00006e52       0x1a E:\Desktop\SpeedTrap\build/core\core.a(SERCOM.cpp.o)
                0x00006e52                SERCOM::resetUART()
 .text._ZN6SERCOM10enableUARTEv
                0x00006e6c       0x14 E:\Desktop\SpeedTrap\build/core\core.a(SERCOM.cpp.o)
                0x00006e6c                SERCOM::enableUART()
 .text._ZN6SERCOM9flushUARTEv
                0x00006e80       0x10 E:\Desktop\SpeedTrap\build/core\core.a(SERCOM.cpp.o)
                0x00006e80                SERCOM::flushUART()
 .text._ZN6SERCOM15clearStatusUARTEv
                0x00006e90        0x8 E:\Desktop\SpeedTrap\build/core\core.a(SERCOM.cpp.o)
                0x00006e90                SERCOM::clearStatusUART()
 .text._ZN6SERCOM17availableDataUARTEv
                0x00006e98        0xa E:\Desktop\SpeedTrap\build/core\core.a(SERCOM.cpp.o)
                0x00006e98                SERCOM::availableDataUART()
 .text._ZN6SERCOM11isUARTErrorEv
                0x00006ea2        0x8 E:\Desktop\SpeedTrap\build/core\core.a(SERCOM.cpp.o)
                0x00006ea2                SERCOM::isUARTError()
 .text._ZN6SERCOM20acknowledgeUARTErrorEv
                0x00006eaa        0xe E:\Desktop\SpeedTrap\build/core\core.a(SERCOM.cpp.o)
                0x00006eaa                SERCOM::acknowledgeUARTError()
 .text._ZN6SERCOM16isFrameErrorUARTEv
                0x00006eb8        0xa E:\Desktop\SpeedTrap\build/core\core.a(SERCOM.cpp.o)
                0x00006eb8                SERCOM::isFrameErrorUART()
 .text._ZN6SERCOM19clearFrameErrorUARTEv
                0x00006ec2        0xc E:\Desktop\SpeedTrap\build/core\core.a(SERCOM.cpp.o)
                0x00006ec2                SERCOM::clearFrameErrorUART()
 .text._ZN6SERCOM23isDataRegisterEmptyUARTEv
                0x00006ece        0xa E:\Desktop\SpeedTrap\build/core\core.a(SERCOM.cpp.o)
                0x00006ece                SERCOM::isDataRegisterEmptyUART()
 .text._ZN6SERCOM12readDataUARTEv
                0x00006ed8        0x8 E:\Desktop\SpeedTrap\build/core\core.a(SERCOM.cpp.o)
                0x00006ed8                SERCOM::readDataUART()
 .text._ZN6SERCOM13writeDataUARTEh
                0x00006ee0       0x10 E:\Desktop\SpeedTrap\build/core\core.a(SERCOM.cpp.o)
                0x00006ee0                SERCOM::writeDataUART(unsigned char)
 .text._ZN6SERCOM36enableDataRegisterEmptyInterruptUARTEv
                0x00006ef0        0x8 E:\Desktop\SpeedTrap\build/core\core.a(SERCOM.cpp.o)
                0x00006ef0                SERCOM::enableDataRegisterEmptyInterruptUART()
 .text._ZN6SERCOM37disableDataRegisterEmptyInterruptUARTEv
                0x00006ef8        0x8 E:\Desktop\SpeedTrap\build/core\core.a(SERCOM.cpp.o)
                0x00006ef8                SERCOM::disableDataRegisterEmptyInterruptUART()
 .text._ZN6SERCOM8resetSPIEv
                0x00006f00       0x1a E:\Desktop\SpeedTrap\build/core\core.a(SERCOM.cpp.o)
                0x00006f00                SERCOM::resetSPI()
 .text._ZN6SERCOM9enableSPIEv
                0x00006f1a       0x14 E:\Desktop\SpeedTrap\build/core\core.a(SERCOM.cpp.o)
                0x00006f1a                SERCOM::enableSPI()
 .text._ZN6SERCOM10disableSPIEv
                0x00006f2e       0x12 E:\Desktop\SpeedTrap\build/core\core.a(SERCOM.cpp.o)
                0x00006f2e                SERCOM::disableSPI()
 .text._ZN6SERCOM15transferDataSPIEh
                0x00006f40       0x1a E:\Desktop\SpeedTrap\build/core\core.a(SERCOM.cpp.o)
                0x00006f40                SERCOM::transferDataSPI(unsigned char)
 *fill*         0x00006f5a        0x2 
 .text._ZN6SERCOM28calculateBaudrateSynchronousEm
                0x00006f5c       0x1c E:\Desktop\SpeedTrap\build/core\core.a(SERCOM.cpp.o)
                0x00006f5c                SERCOM::calculateBaudrateSynchronous(unsigned long)
 .text._ZN6SERCOM12initSPIClockE18SercomSpiClockModem
                0x00006f78       0x26 E:\Desktop\SpeedTrap\build/core\core.a(SERCOM.cpp.o)
                0x00006f78                SERCOM::initSPIClock(SercomSpiClockMode, unsigned long)
 .text._ZN6SERCOM9resetWIREEv
                0x00006f9e       0x1a E:\Desktop\SpeedTrap\build/core\core.a(SERCOM.cpp.o)
                0x00006f9e                SERCOM::resetWIRE()
 .text._ZN6SERCOM10enableWIREEv
                0x00006fb8       0x2a E:\Desktop\SpeedTrap\build/core\core.a(SERCOM.cpp.o)
                0x00006fb8                SERCOM::enableWIRE()
 .text._ZN6SERCOM18prepareNackBitWIREEv
                0x00006fe2       0x10 E:\Desktop\SpeedTrap\build/core\core.a(SERCOM.cpp.o)
                0x00006fe2                SERCOM::prepareNackBitWIRE()
 *fill*         0x00006ff2        0x2 
 .text._ZN6SERCOM17prepareAckBitWIREEv
                0x00006ff4       0x14 E:\Desktop\SpeedTrap\build/core\core.a(SERCOM.cpp.o)
                0x00006ff4                SERCOM::prepareAckBitWIRE()
 .text._ZN6SERCOM22prepareCommandBitsWireEh
                0x00007008       0x2c E:\Desktop\SpeedTrap\build/core\core.a(SERCOM.cpp.o)
                0x00007008                SERCOM::prepareCommandBitsWire(unsigned char)
 .text._ZN6SERCOM21startTransmissionWIREEh23SercomWireReadWriteFlag
                0x00007034       0x7c E:\Desktop\SpeedTrap\build/core\core.a(SERCOM.cpp.o)
                0x00007034                SERCOM::startTransmissionWIRE(unsigned char, SercomWireReadWriteFlag)
 .text._ZN6SERCOM18sendDataMasterWIREEh
                0x000070b0       0x26 E:\Desktop\SpeedTrap\build/core\core.a(SERCOM.cpp.o)
                0x000070b0                SERCOM::sendDataMasterWIRE(unsigned char)
 .text._ZN6SERCOM17sendDataSlaveWIREEh
                0x000070d6       0x1e E:\Desktop\SpeedTrap\build/core\core.a(SERCOM.cpp.o)
                0x000070d6                SERCOM::sendDataSlaveWIRE(unsigned char)
 .text._ZN6SERCOM11isSlaveWIREEv
                0x000070f4       0x12 E:\Desktop\SpeedTrap\build/core\core.a(SERCOM.cpp.o)
                0x000070f4                SERCOM::isSlaveWIRE()
 .text._ZN6SERCOM15isDataReadyWIREEv
                0x00007106        0xa E:\Desktop\SpeedTrap\build/core\core.a(SERCOM.cpp.o)
                0x00007106                SERCOM::isDataReadyWIRE()
 .text._ZN6SERCOM18isStopDetectedWIREEv
                0x00007110        0xa E:\Desktop\SpeedTrap\build/core\core.a(SERCOM.cpp.o)
                0x00007110                SERCOM::isStopDetectedWIRE()
 .text._ZN6SERCOM21isRestartDetectedWIREEv
                0x0000711a        0xa E:\Desktop\SpeedTrap\build/core\core.a(SERCOM.cpp.o)
                0x0000711a                SERCOM::isRestartDetectedWIRE()
 .text._ZN6SERCOM14isAddressMatchEv
                0x00007124        0xa E:\Desktop\SpeedTrap\build/core\core.a(SERCOM.cpp.o)
                0x00007124                SERCOM::isAddressMatch()
 .text._ZN6SERCOM25isMasterReadOperationWIREEv
                0x0000712e        0xa E:\Desktop\SpeedTrap\build/core\core.a(SERCOM.cpp.o)
                0x0000712e                SERCOM::isMasterReadOperationWIRE()
 .text._ZN6SERCOM12readDataWIREEv
                0x00007138       0x1a E:\Desktop\SpeedTrap\build/core\core.a(SERCOM.cpp.o)
                0x00007138                SERCOM::readDataWIRE()
 *fill*         0x00007152        0x2 
 .text._ZN6SERCOM14getSercomIndexEv
                0x00007154       0x5c E:\Desktop\SpeedTrap\build/core\core.a(SERCOM.cpp.o)
                0x00007154                SERCOM::getSercomIndex()
 .text._ZN6SERCOM13initClockNVICEv
                0x000071b0       0x90 E:\Desktop\SpeedTrap\build/core\core.a(SERCOM.cpp.o)
                0x000071b0                SERCOM::initClockNVIC()
 .text._ZN6SERCOM8initUARTE14SercomUartMode20SercomUartSampleRatem
                0x00007240       0x6c E:\Desktop\SpeedTrap\build/core\core.a(SERCOM.cpp.o)
                0x00007240                SERCOM::initUART(SercomUartMode, SercomUartSampleRate, unsigned long)
 .text._ZN6SERCOM7initSPIE14SercomSpiTXPad11SercomRXPad17SercomSpiCharSize15SercomDataOrder
                0x000072ac       0x52 E:\Desktop\SpeedTrap\build/core\core.a(SERCOM.cpp.o)
                0x000072ac                SERCOM::initSPI(SercomSpiTXPad, SercomRXPad, SercomSpiCharSize, SercomDataOrder)
 *fill*         0x000072fe        0x2 
 .text._ZN6SERCOM14initMasterWIREEm
                0x00007300       0x54 E:\Desktop\SpeedTrap\build/core\core.a(SERCOM.cpp.o)
                0x00007300                SERCOM::initMasterWIRE(unsigned long)
 .text._ZN7Serial_17availableForWriteEv
                0x00007354        0x4 E:\Desktop\SpeedTrap\build/core\core.a(CDC.cpp.o)
                0x00007354                Serial_::availableForWrite()
 .text._ZN7Serial_5writeEh
                0x00007358       0x14 E:\Desktop\SpeedTrap\build/core\core.a(CDC.cpp.o)
                0x00007358                Serial_::write(unsigned char)
 .text._ZN7Serial_9availableEv
                0x0000736c        0xc E:\Desktop\SpeedTrap\build/core\core.a(CDC.cpp.o)
                0x0000736c                Serial_::available()
 .text._ZN7Serial_5flushEv
                0x00007378        0xc E:\Desktop\SpeedTrap\build/core\core.a(CDC.cpp.o)
                0x00007378                Serial_::flush()
 .text._ZN7Serial_5writeEPKhj
                0x00007384       0x2c E:\Desktop\SpeedTrap\build/core\core.a(CDC.cpp.o)
                0x00007384                Serial_::write(unsigned char const*, unsigned int)
 .text._ZN7Serial_4peekEv
                0x000073b0       0x1c E:\Desktop\SpeedTrap\build/core\core.a(CDC.cpp.o)
                0x000073b0                Serial_::peek()
 .text._ZN7Serial_4readEv
                0x000073cc       0x24 E:\Desktop\SpeedTrap\build/core\core.a(CDC.cpp.o)
                0x000073cc                Serial_::read()
 .text._Z16CDC_GetInterfacePh
                0x000073f0       0x1c E:\Desktop\SpeedTrap\build/core\core.a(CDC.cpp.o)
                0x000073f0                CDC_GetInterface(unsigned char*)
 .text._Z9CDC_SetupR8USBSetup
                0x0000740c       0x7c E:\Desktop\SpeedTrap\build/core\core.a(CDC.cpp.o)
                0x0000740c                CDC_Setup(USBSetup&)
 .text._ZN7Serial_5beginEm
                0x00007488        0x2 E:\Desktop\SpeedTrap\build/core\core.a(CDC.cpp.o)
                0x00007488                Serial_::begin(unsigned long)
 *fill*         0x0000748a        0x2 
 .text.startup._GLOBAL__sub_I__Z17_CDC_GetInterfacev
                0x0000748c       0x28 E:\Desktop\SpeedTrap\build/core\core.a(CDC.cpp.o)
 .text._ZN26DoubleBufferedEPOutHandler4initEv
                0x000074b4        0x2 E:\Desktop\SpeedTrap\build/core\core.a(USBCore.cpp.o)
                0x000074b4                DoubleBufferedEPOutHandler::init()
 .text._ZL5utox8mPc
                0x000074b6       0x26 E:\Desktop\SpeedTrap\build/core\core.a(USBCore.cpp.o)
 .text._ZN26DoubleBufferedEPOutHandlerD2Ev
                0x000074dc       0x14 E:\Desktop\SpeedTrap\build/core\core.a(USBCore.cpp.o)
                0x000074dc                DoubleBufferedEPOutHandler::~DoubleBufferedEPOutHandler()
                0x000074dc                DoubleBufferedEPOutHandler::~DoubleBufferedEPOutHandler()
 .text._ZN26DoubleBufferedEPOutHandlerD0Ev
                0x000074f0       0x12 E:\Desktop\SpeedTrap\build/core\core.a(USBCore.cpp.o)
                0x000074f0                DoubleBufferedEPOutHandler::~DoubleBufferedEPOutHandler()
 *fill*         0x00007502        0x2 
 .text._ZN14USBDeviceClass6initEPEmm.part.0
                0x00007504       0xe8 E:\Desktop\SpeedTrap\build/core\core.a(USBCore.cpp.o)
 .text._ZN7__GuardC2Ev
                0x000075ec        0xe E:\Desktop\SpeedTrap\build/core\core.a(USBCore.cpp.o)
                0x000075ec                __Guard::__Guard()
                0x000075ec                __Guard::__Guard()
 .text._ZN7__GuardD2Ev
                0x000075fa        0xe E:\Desktop\SpeedTrap\build/core\core.a(USBCore.cpp.o)
                0x000075fa                __Guard::~__Guard()
                0x000075fa                __Guard::~__Guard()
 .text._ZNK26DoubleBufferedEPOutHandler9availableEv
                0x00007608       0x5e E:\Desktop\SpeedTrap\build/core\core.a(USBCore.cpp.o)
                0x00007608                DoubleBufferedEPOutHandler::available() const
 *fill*         0x00007666        0x2 
 .text._ZN26DoubleBufferedEPOutHandler7releaseEv
                0x00007668       0x54 E:\Desktop\SpeedTrap\build/core\core.a(USBCore.cpp.o)
                0x00007668                DoubleBufferedEPOutHandler::release()
 .text._ZN26DoubleBufferedEPOutHandler4recvEPvm
                0x000076bc      0x11a E:\Desktop\SpeedTrap\build/core\core.a(USBCore.cpp.o)
                0x000076bc                DoubleBufferedEPOutHandler::recv(void*, unsigned long)
 .text._ZN26DoubleBufferedEPOutHandler14handleEndpointEv
                0x000077d6       0xc2 E:\Desktop\SpeedTrap\build/core\core.a(USBCore.cpp.o)
                0x000077d6                DoubleBufferedEPOutHandler::handleEndpoint()
 .text._ZN14USBDeviceClass14SendInterfacesEPm
                0x00007898       0x2e E:\Desktop\SpeedTrap\build/core\core.a(USBCore.cpp.o)
                0x00007898                USBDeviceClass::SendInterfaces(unsigned long*)
 *fill*         0x000078c6        0x2 
 .text._ZN14USBDeviceClass14handleEndpointEh
                0x000078c8       0x44 E:\Desktop\SpeedTrap\build/core\core.a(USBCore.cpp.o)
                0x000078c8                USBDeviceClass::handleEndpoint(unsigned char)
 .text._ZN14USBDeviceClass4initEv
                0x0000790c       0xf0 E:\Desktop\SpeedTrap\build/core\core.a(USBCore.cpp.o)
                0x0000790c                USBDeviceClass::init()
 .text._ZN14USBDeviceClass6attachEv
                0x000079fc       0x34 E:\Desktop\SpeedTrap\build/core\core.a(USBCore.cpp.o)
                0x000079fc                USBDeviceClass::attach()
 .text._ZN14USBDeviceClass10setAddressEm
                0x00007a30       0x44 E:\Desktop\SpeedTrap\build/core\core.a(USBCore.cpp.o)
                0x00007a30                USBDeviceClass::setAddress(unsigned long)
 .text._ZN14USBDeviceClass25handleClassInterfaceSetupER8USBSetup
                0x00007a74       0x44 E:\Desktop\SpeedTrap\build/core\core.a(USBCore.cpp.o)
                0x00007a74                USBDeviceClass::handleClassInterfaceSetup(USBSetup&)
 .text._ZN14USBDeviceClass6initEPEmm
                0x00007ab8       0xec E:\Desktop\SpeedTrap\build/core\core.a(USBCore.cpp.o)
                0x00007ab8                USBDeviceClass::initEP(unsigned long, unsigned long)
 .text._ZN14USBDeviceClass13initEndpointsEv
                0x00007ba4       0x24 E:\Desktop\SpeedTrap\build/core\core.a(USBCore.cpp.o)
                0x00007ba4                USBDeviceClass::initEndpoints()
 .text._ZN14USBDeviceClass9availableEm
                0x00007bc8       0x2c E:\Desktop\SpeedTrap\build/core\core.a(USBCore.cpp.o)
                0x00007bc8                USBDeviceClass::available(unsigned long)
 .text._ZN14USBDeviceClass5flushEm
                0x00007bf4       0x2c E:\Desktop\SpeedTrap\build/core\core.a(USBCore.cpp.o)
                0x00007bf4                USBDeviceClass::flush(unsigned long)
 .text._ZN14USBDeviceClass14armRecvCtrlOUTEm
                0x00007c20       0x5c E:\Desktop\SpeedTrap\build/core\core.a(USBCore.cpp.o)
                0x00007c20                USBDeviceClass::armRecvCtrlOUT(unsigned long)
 .text._ZN14USBDeviceClass11recvControlEPvm
                0x00007c7c       0x3c E:\Desktop\SpeedTrap\build/core\core.a(USBCore.cpp.o)
                0x00007c7c                USBDeviceClass::recvControl(void*, unsigned long)
 .text._ZN14USBDeviceClass7armRecvEm
                0x00007cb8       0x38 E:\Desktop\SpeedTrap\build/core\core.a(USBCore.cpp.o)
                0x00007cb8                USBDeviceClass::armRecv(unsigned long)
 .text._ZN14USBDeviceClass4recvEmPvm
                0x00007cf0       0xd8 E:\Desktop\SpeedTrap\build/core\core.a(USBCore.cpp.o)
                0x00007cf0                USBDeviceClass::recv(unsigned long, void*, unsigned long)
 .text._ZN14USBDeviceClass4recvEm
                0x00007dc8       0x1c E:\Desktop\SpeedTrap\build/core\core.a(USBCore.cpp.o)
                0x00007dc8                USBDeviceClass::recv(unsigned long)
 .text._ZN14USBDeviceClass4sendEmPKvm
                0x00007de4      0x110 E:\Desktop\SpeedTrap\build/core\core.a(USBCore.cpp.o)
                0x00007de4                USBDeviceClass::send(unsigned long, void const*, unsigned long)
 .text._ZN14USBDeviceClass7armSendEmPKvm
                0x00007ef4       0x48 E:\Desktop\SpeedTrap\build/core\core.a(USBCore.cpp.o)
                0x00007ef4                USBDeviceClass::armSend(unsigned long, void const*, unsigned long)
 .text._ZN14USBDeviceClass11sendControlEPKvm
                0x00007f3c       0x54 E:\Desktop\SpeedTrap\build/core\core.a(USBCore.cpp.o)
                0x00007f3c                USBDeviceClass::sendControl(void const*, unsigned long)
 .text._ZN14USBDeviceClass20sendStringDescriptorEPKhm
                0x00007f90       0x64 E:\Desktop\SpeedTrap\build/core\core.a(USBCore.cpp.o)
                0x00007f90                USBDeviceClass::sendStringDescriptor(unsigned char const*, unsigned long)
 .text._ZN14USBDeviceClass17sendConfigurationEm
                0x00007ff4       0x80 E:\Desktop\SpeedTrap\build/core\core.a(USBCore.cpp.o)
                0x00007ff4                USBDeviceClass::sendConfiguration(unsigned long)
 .text._ZN14USBDeviceClass14sendDescriptorER8USBSetup
                0x00008074       0xe4 E:\Desktop\SpeedTrap\build/core\core.a(USBCore.cpp.o)
                0x00008074                USBDeviceClass::sendDescriptor(USBSetup&)
 .text._ZN14USBDeviceClass19handleStandardSetupER8USBSetup
                0x00008158      0x118 E:\Desktop\SpeedTrap\build/core\core.a(USBCore.cpp.o)
                0x00008158                USBDeviceClass::handleStandardSetup(USBSetup&)
 .text._ZN14USBDeviceClass10ISRHandlerEv
                0x00008270      0x150 E:\Desktop\SpeedTrap\build/core\core.a(USBCore.cpp.o)
                0x00008270                USBDeviceClass::ISRHandler()
 .text.UDD_Handler
                0x000083c0       0x10 E:\Desktop\SpeedTrap\build/core\core.a(USBCore.cpp.o)
                0x000083c0                UDD_Handler
 .text.startup._GLOBAL__sub_I_usbd
                0x000083d0       0x10 E:\Desktop\SpeedTrap\build/core\core.a(USBCore.cpp.o)
 .text._ZN4UartcvbEv
                0x000083e0        0x4 E:\Desktop\SpeedTrap\build/core\core.a(Uart.cpp.o)
                0x000083e0                Uart::operator bool()
 .text._ZN4Uart5beginEm
                0x000083e4       0x10 E:\Desktop\SpeedTrap\build/core\core.a(Uart.cpp.o)
                0x000083e4                Uart::begin(unsigned long)
 .text._ZN4Uart4peekEv
                0x000083f4       0x1a E:\Desktop\SpeedTrap\build/core\core.a(Uart.cpp.o)
                0x000083f4                Uart::peek()
 .text._ZN4Uart3endEv
                0x0000840e       0x20 E:\Desktop\SpeedTrap\build/core\core.a(Uart.cpp.o)
                0x0000840e                Uart::end()
 .text._ZN4Uart15extractCharSizeEt
                0x0000842e       0x28 E:\Desktop\SpeedTrap\build/core\core.a(Uart.cpp.o)
                0x0000842e                Uart::extractCharSize(unsigned short)
 .text._ZN4Uart13extractParityEt
                0x00008456       0x14 E:\Desktop\SpeedTrap\build/core\core.a(Uart.cpp.o)
                0x00008456                Uart::extractParity(unsigned short)
 *fill*         0x0000846a        0x2 
 .text._ZN4Uart5beginEmt
                0x0000846c       0xf8 E:\Desktop\SpeedTrap\build/core\core.a(Uart.cpp.o)
                0x0000846c                Uart::begin(unsigned long, unsigned short)
 .text._ZN11RingBufferNILi350EEC2Ev
                0x00008564       0x1c E:\Desktop\SpeedTrap\build/core\core.a(Uart.cpp.o)
                0x00008564                RingBufferN<350>::RingBufferN()
                0x00008564                RingBufferN<350>::RingBufferN()
 .text._ZN4UartC2EP6SERCOMhh11SercomRXPad15SercomUartTXPad
                0x00008580       0x70 E:\Desktop\SpeedTrap\build/core\core.a(Uart.cpp.o)
                0x00008580                Uart::Uart(SERCOM*, unsigned char, unsigned char, SercomRXPad, SercomUartTXPad)
                0x00008580                Uart::Uart(SERCOM*, unsigned char, unsigned char, SercomRXPad, SercomUartTXPad)
 .text._ZN11RingBufferNILi350EE9availableEv
                0x000085f0       0x12 E:\Desktop\SpeedTrap\build/core\core.a(Uart.cpp.o)
                0x000085f0                RingBufferN<350>::available()
 .text._ZN4Uart5flushEv
                0x00008602       0x1a E:\Desktop\SpeedTrap\build/core\core.a(Uart.cpp.o)
                0x00008602                Uart::flush()
 .text._ZN4Uart9availableEv
                0x0000861c        0xa E:\Desktop\SpeedTrap\build/core\core.a(Uart.cpp.o)
                0x0000861c                Uart::available()
 .text._ZN11RingBufferNILi350EE17availableForStoreEv
                0x00008626       0x22 E:\Desktop\SpeedTrap\build/core\core.a(Uart.cpp.o)
                0x00008626                RingBufferN<350>::availableForStore()
 .text._ZN4Uart17availableForWriteEv
                0x00008648        0xc E:\Desktop\SpeedTrap\build/core\core.a(Uart.cpp.o)
                0x00008648                Uart::availableForWrite()
 .text._ZN4Uart10IrqHandlerEv
                0x00008654       0xda E:\Desktop\SpeedTrap\build/core\core.a(Uart.cpp.o)
                0x00008654                Uart::IrqHandler()
 *fill*         0x0000872e        0x2 
 .text._ZN4Uart5writeEh
                0x00008730       0xc4 E:\Desktop\SpeedTrap\build/core\core.a(Uart.cpp.o)
                0x00008730                Uart::write(unsigned char)
 .text._ZN4Uart4readEv
                0x000087f4       0x52 E:\Desktop\SpeedTrap\build/core\core.a(Uart.cpp.o)
                0x000087f4                Uart::read()
 *fill*         0x00008846        0x2 
 .text.attachInterrupt
                0x00008848      0x184 E:\Desktop\SpeedTrap\build/core\core.a(WInterrupts.c.o)
                0x00008848                attachInterrupt
 .text.detachInterrupt
                0x000089cc       0x80 E:\Desktop\SpeedTrap\build/core\core.a(WInterrupts.c.o)
                0x000089cc                detachInterrupt
 .text.EIC_Handler
                0x00008a4c       0x3c E:\Desktop\SpeedTrap\build/core\core.a(WInterrupts.c.o)
                0x00008a4c                EIC_Handler
 .text.NMI_Handler
                0x00008a88       0x20 E:\Desktop\SpeedTrap\build/core\core.a(WInterrupts.c.o)
                0x00008a88                NMI_Handler
 .text._ZN6StringD2Ev
                0x00008aa8        0xe E:\Desktop\SpeedTrap\build/core\core.a(WString.cpp.o)
                0x00008aa8                String::~String()
                0x00008aa8                String::~String()
 .text._ZN6String10invalidateEv
                0x00008ab6       0x18 E:\Desktop\SpeedTrap\build/core\core.a(WString.cpp.o)
                0x00008ab6                String::invalidate()
 .text._ZN6String12changeBufferEj
                0x00008ace       0x18 E:\Desktop\SpeedTrap\build/core\core.a(WString.cpp.o)
                0x00008ace                String::changeBuffer(unsigned int)
 .text._ZN6String7reserveEj
                0x00008ae6       0x2a E:\Desktop\SpeedTrap\build/core\core.a(WString.cpp.o)
                0x00008ae6                String::reserve(unsigned int)
 .text._ZN6String4copyEPKcj
                0x00008b10       0x28 E:\Desktop\SpeedTrap\build/core\core.a(WString.cpp.o)
                0x00008b10                String::copy(char const*, unsigned int)
 .text._ZN6StringC2EPKc
                0x00008b38       0x26 E:\Desktop\SpeedTrap\build/core\core.a(WString.cpp.o)
                0x00008b38                String::String(char const*)
                0x00008b38                String::String(char const*)
 .text._ZN6StringaSERKS_
                0x00008b5e       0x20 E:\Desktop\SpeedTrap\build/core\core.a(WString.cpp.o)
                0x00008b5e                String::operator=(String const&)
 .text._ZN6StringC2ERKS_
                0x00008b7e       0x14 E:\Desktop\SpeedTrap\build/core\core.a(WString.cpp.o)
                0x00008b7e                String::String(String const&)
                0x00008b7e                String::String(String const&)
 .text._ZN6StringaSEPKc
                0x00008b92       0x22 E:\Desktop\SpeedTrap\build/core\core.a(WString.cpp.o)
                0x00008b92                String::operator=(char const*)
 .text._ZN6StringC2Eih
                0x00008bb4       0x24 E:\Desktop\SpeedTrap\build/core\core.a(WString.cpp.o)
                0x00008bb4                String::String(int, unsigned char)
                0x00008bb4                String::String(int, unsigned char)
 .text._ZN6StringC2Efh
                0x00008bd8       0x34 E:\Desktop\SpeedTrap\build/core\core.a(WString.cpp.o)
                0x00008bd8                String::String(float, unsigned char)
                0x00008bd8                String::String(float, unsigned char)
 .text._ZN6String6concatEPKcj
                0x00008c0c       0x32 E:\Desktop\SpeedTrap\build/core\core.a(WString.cpp.o)
                0x00008c0c                String::concat(char const*, unsigned int)
 .text._ZplRK15StringSumHelperRK6String
                0x00008c3e       0x1a E:\Desktop\SpeedTrap\build/core\core.a(WString.cpp.o)
                0x00008c3e                operator+(StringSumHelper const&, String const&)
 .text._ZplRK15StringSumHelperPKc
                0x00008c58       0x28 E:\Desktop\SpeedTrap\build/core\core.a(WString.cpp.o)
                0x00008c58                operator+(StringSumHelper const&, char const*)
 .text.dtostrf  0x00008c80       0x28 E:\Desktop\SpeedTrap\build/core\core.a(dtostrf.c.o)
                0x00008c80                dtostrf
 .text.Dummy_Handler
                0x00008ca8        0x2 E:\Desktop\SpeedTrap\build/core\core.a(cortex_handlers.c.o)
                0x00008ca8                HardFault_Handler
                0x00008ca8                AC_Handler
                0x00008ca8                PendSV_Handler
                0x00008ca8                TC7_Handler
                0x00008ca8                SERCOM1_Handler
                0x00008ca8                ADC_Handler
                0x00008ca8                TCC1_Handler
                0x00008ca8                SERCOM2_Handler
                0x00008ca8                TCC0_Handler
                0x00008ca8                RTC_Handler
                0x00008ca8                TC6_Handler
                0x00008ca8                WDT_Handler
                0x00008ca8                TC4_Handler
                0x00008ca8                TC3_Handler
                0x00008ca8                Dummy_Handler
                0x00008ca8                PM_Handler
                0x00008ca8                SVC_Handler
                0x00008ca8                TCC2_Handler
                0x00008ca8                EVSYS_Handler
                0x00008ca8                SERCOM4_Handler
                0x00008ca8                I2S_Handler
                0x00008ca8                NVMCTRL_Handler
                0x00008ca8                DAC_Handler
                0x00008ca8                PTC_Handler
                0x00008ca8                SYSCTRL_Handler
 *fill*         0x00008caa        0x2 
 .text.USB_Handler
                0x00008cac       0x14 E:\Desktop\SpeedTrap\build/core\core.a(cortex_handlers.c.o)
                0x00008cac                USB_Handler
 .text.Reset_Handler
                0x00008cc0       0x54 E:\Desktop\SpeedTrap\build/core\core.a(cortex_handlers.c.o)
                0x00008cc0                Reset_Handler
 .text.SysTick_Handler
                0x00008d14       0x10 E:\Desktop\SpeedTrap\build/core\core.a(cortex_handlers.c.o)
                0x00008d14                SysTick_Handler
 .text.USB_SetHandler
                0x00008d24        0xc E:\Desktop\SpeedTrap\build/core\core.a(cortex_handlers.c.o)
                0x00008d24                USB_SetHandler
 .text.millis   0x00008d30        0xc E:\Desktop\SpeedTrap\build/core\core.a(delay.c.o)
                0x00008d30                millis
 .text.micros   0x00008d3c       0x60 E:\Desktop\SpeedTrap\build/core\core.a(delay.c.o)
                0x00008d3c                micros
 .text.delay    0x00008d9c       0x2c E:\Desktop\SpeedTrap\build/core\core.a(delay.c.o)
                0x00008d9c                delay
 .text.SysTick_DefaultHandler
                0x00008dc8       0x14 E:\Desktop\SpeedTrap\build/core\core.a(delay.c.o)
                0x00008dc8                SysTick_DefaultHandler
 .text.__empty  0x00008ddc        0x2 E:\Desktop\SpeedTrap\build/core\core.a(hooks.c.o)
                0x00008ddc                yield
 .text.__false  0x00008dde        0x4 E:\Desktop\SpeedTrap\build/core\core.a(hooks.c.o)
                0x00008dde                sysTickHook
 .text.ltoa     0x00008de2       0x84 E:\Desktop\SpeedTrap\build/core\core.a(itoa.c.o)
                0x00008de2                ltoa
 .text.itoa     0x00008e66        0x8 E:\Desktop\SpeedTrap\build/core\core.a(itoa.c.o)
                0x00008e66                itoa
 .text._Z11initVariantv
                0x00008e6e        0x2 E:\Desktop\SpeedTrap\build/core\core.a(main.cpp.o)
                0x00008e6e                initVariant()
 .text.startup.main
                0x00008e70       0x44 E:\Desktop\SpeedTrap\build/core\core.a(main.cpp.o)
                0x00008e70                main
 .text._Znwj    0x00008eb4        0x8 E:\Desktop\SpeedTrap\build/core\core.a(new.cpp.o)
                0x00008eb4                operator new(unsigned int)
 .text._ZdlPv   0x00008ebc        0x8 E:\Desktop\SpeedTrap\build/core\core.a(new.cpp.o)
                0x00008ebc                operator delete(void*)
 .text.SystemInit
                0x00008ec4      0x160 E:\Desktop\SpeedTrap\build/core\core.a(startup.c.o)
                0x00008ec4                SystemInit
 .text.init     0x00009024       0xe0 E:\Desktop\SpeedTrap\build/core\core.a(wiring.c.o)
                0x00009024                init
 .text.analogReference
                0x00009104       0x88 E:\Desktop\SpeedTrap\build/core\core.a(wiring_analog.c.o)
                0x00009104                analogReference
 .text.pinMode  0x0000918c       0x60 E:\Desktop\SpeedTrap\build/core\core.a(wiring_digital.c.o)
                0x0000918c                pinMode
 .text.digitalWrite
                0x000091ec       0x58 E:\Desktop\SpeedTrap\build/core\core.a(wiring_digital.c.o)
                0x000091ec                digitalWrite
 .text.digitalRead
                0x00009244       0x30 E:\Desktop\SpeedTrap\build/core\core.a(wiring_digital.c.o)
                0x00009244                digitalRead
 .text.pinPeripheral
                0x00009274       0xbc E:\Desktop\SpeedTrap\build/core\core.a(wiring_private.c.o)
                0x00009274                pinPeripheral
 .text.initiateReset
                0x00009330        0xc E:\Desktop\SpeedTrap\build/core\core.a(Reset.cpp.o)
                0x00009330                initiateReset
 .text.cancelReset
                0x0000933c       0x10 E:\Desktop\SpeedTrap\build/core\core.a(Reset.cpp.o)
                0x0000933c                cancelReset
 .text.tickReset
                0x0000934c       0x74 E:\Desktop\SpeedTrap\build/core\core.a(Reset.cpp.o)
                0x0000934c                tickReset
 .text._ZN13PluggableUSB_12getInterfaceEPh
                0x000093c0       0x28 E:\Desktop\SpeedTrap\build/core\core.a(PluggableUSB.cpp.o)
                0x000093c0                PluggableUSB_::getInterface(unsigned char*)
 .text._ZN13PluggableUSB_13getDescriptorER8USBSetup
                0x000093e8       0x20 E:\Desktop\SpeedTrap\build/core\core.a(PluggableUSB.cpp.o)
                0x000093e8                PluggableUSB_::getDescriptor(USBSetup&)
 .text._ZN13PluggableUSB_5setupER8USBSetup
                0x00009408       0x20 E:\Desktop\SpeedTrap\build/core\core.a(PluggableUSB.cpp.o)
                0x00009408                PluggableUSB_::setup(USBSetup&)
 .text._Z12PluggableUSBv